Component: ARM Compiler 5.06 update 4 (build 422) Tool: armlink [4d35d2]

==============================================================================

Section Cross References

    main.o(.text) refers to printf3.o(i.__0printf$3) for __2printf
    main.o(.text) refers to bsp_led.o(.text) for ledControl
    main.o(.text) refers to misc.o(.text) for NVIC_PriorityGroupConfig
    main.o(.text) refers to delay.o(.text) for delayInit
    main.o(.text) refers to bsp_key.o(.text) for keyInit
    main.o(.text) refers to bspuart.o(.text) for uartInit
    main.o(.text) refers to port.o(.text) for tTaskRun
    main.o(.text) refers to main.o(.bss) for tTask1
    main.o(.text) refers to main.o(.data) for taskTable
    system_stm32f4xx.o(.text) refers to system_stm32f4xx.o(.data) for SystemCoreClock
    startup_stm32f40_41xxx.o(RESET) refers to startup_stm32f40_41xxx.o(STACK) for __initial_sp
    startup_stm32f40_41xxx.o(RESET) refers to startup_stm32f40_41xxx.o(.text) for Reset_Handler
    startup_stm32f40_41xxx.o(RESET) refers to stm32f4xx_it.o(.text) for NMI_Handler
    startup_stm32f40_41xxx.o(RESET) refers to port.o(.emb_text) for PendSV_Handler
    startup_stm32f40_41xxx.o(RESET) refers to bsp_interrupt.o(.text) for SysTick_Handler
    startup_stm32f40_41xxx.o(RESET) refers to touch.o(.text) for EXTI15_10_IRQHandler
    startup_stm32f40_41xxx.o(.text) refers to system_stm32f4xx.o(.text) for SystemInit
    startup_stm32f40_41xxx.o(.text) refers to entry.o(.ARM.Collect$$$$00000000) for __main
    stm32f4xx_adc.o(.text) refers to stm32f4xx_rcc.o(.text) for RCC_APB2PeriphResetCmd
    stm32f4xx_can.o(.text) refers to stm32f4xx_rcc.o(.text) for RCC_APB1PeriphResetCmd
    stm32f4xx_dac.o(.text) refers to stm32f4xx_rcc.o(.text) for RCC_APB1PeriphResetCmd
    stm32f4xx_dma2d.o(.text) refers to stm32f4xx_rcc.o(.text) for RCC_AHB1PeriphResetCmd
    stm32f4xx_fsmc.o(.text) refers to stm32f4xx_fsmc.o(.constdata) for FSMC_DefaultTimingStruct
    stm32f4xx_gpio.o(.text) refers to stm32f4xx_rcc.o(.text) for RCC_AHB1PeriphResetCmd
    stm32f4xx_i2c.o(.text) refers to stm32f4xx_rcc.o(.text) for RCC_APB1PeriphResetCmd
    stm32f4xx_ltdc.o(.text) refers to stm32f4xx_rcc.o(.text) for RCC_APB2PeriphResetCmd
    stm32f4xx_pwr.o(.text) refers to stm32f4xx_rcc.o(.text) for RCC_APB1PeriphResetCmd
    stm32f4xx_rcc.o(.text) refers to stm32f4xx_rcc.o(.data) for APBAHBPrescTable
    stm32f4xx_sai.o(.text) refers to stm32f4xx_rcc.o(.text) for RCC_APB2PeriphResetCmd
    stm32f4xx_sdio.o(.text) refers to stm32f4xx_rcc.o(.text) for RCC_APB2PeriphResetCmd
    stm32f4xx_spi.o(.text) refers to stm32f4xx_rcc.o(.text) for RCC_APB2PeriphResetCmd
    stm32f4xx_syscfg.o(.text) refers to stm32f4xx_rcc.o(.text) for RCC_APB2PeriphResetCmd
    stm32f4xx_tim.o(.text) refers to stm32f4xx_rcc.o(.text) for RCC_APB2PeriphResetCmd
    stm32f4xx_usart.o(.text) refers to stm32f4xx_rcc.o(.text) for RCC_APB2PeriphResetCmd
    stm32f4xx_wwdg.o(.text) refers to stm32f4xx_rcc.o(.text) for RCC_APB1PeriphResetCmd
    character.o(.text) refers to bsp_spi_flash.o(.text) for readData
    character.o(.text) refers to tft_lcd.o(.text) for LCD_GetColors
    character.o(.text) refers to bsp_ui.o(.text) for drawPoint
    character.o(.text) refers to bsp_spi_flash.o(.bss) for ftinfo
    fonts.o(.data) refers to fonts.o(.constdata) for Font_1608
    tft_lcd.o(.text) refers to tft_lcd.o(i.LCD_REG_Select) for LCD_REG_Select
    tft_lcd.o(.text) refers to tft_lcd.o(i.LCD_WriteRAM) for LCD_WriteRAM
    tft_lcd.o(.text) refers to tft_lcd.o(i.LCD_WriteRAM_Prepare) for LCD_WriteRAM_Prepare
    tft_lcd.o(.text) refers to stm32f4xx_rcc.o(.text) for RCC_AHB3PeriphClockCmd
    tft_lcd.o(.text) refers to stm32f4xx_fsmc.o(.text) for FSMC_NORSRAMInit
    tft_lcd.o(.text) refers to stm32f4xx_gpio.o(.text) for GPIO_Init
    tft_lcd.o(.text) refers to delay.o(.text) for delay_ms
    tft_lcd.o(.text) refers to tft_lcd.o(.data) for LCD_Currentfonts
    tft_lcd.o(.text) refers to fonts.o(.data) for Font32x16
    tft_lcd.o(.text) refers to cdcmple.o(.text) for __aeabi_cdcmple
    tft_lcd.o(.text) refers to dfixui.o(.text) for __aeabi_d2uiz
    tft_lcd.o(.text) refers to dfltui.o(.text) for __aeabi_ui2d
    tft_lcd.o(.text) refers to dadd.o(.text) for __aeabi_drsub
    tft_lcd.o(.text) refers to d2f.o(.text) for __aeabi_d2f
    tft_lcd.o(.data) refers to fonts.o(.data) for Font32x16
    touch.o(.text) refers to stm32f4xx_rcc.o(.text) for RCC_APB2PeriphClockCmd
    touch.o(.text) refers to stm32f4xx_syscfg.o(.text) for SYSCFG_EXTILineConfig
    touch.o(.text) refers to stm32f4xx_exti.o(.text) for EXTI_Init
    touch.o(.text) refers to misc.o(.text) for NVIC_Init
    touch.o(.text) refers to stm32f4xx_gpio.o(.text) for GPIO_SetBits
    touch.o(.text) refers to delay.o(.text) for delay_us
    touch.o(.text) refers to touch.o(.bss) for Pen_Point
    touch.o(.text) refers to touch.o(.data) for K
    delay.o(.text) refers to misc.o(.text) for SysTick_CLKSourceConfig
[...]
    printf7.o(i.__0vsprintf$7) refers to printf7.o(i._sputc) for _sputc
    printf7.o(i._printf_core) refers to printf7.o(i._printf_pre_padding) for _printf_pre_padding
    printf7.o(i._printf_core) refers to uldiv.o(.text) for __aeabi_uldivmod
    printf7.o(i._printf_core) refers to printf7.o(i._printf_post_padding) for _printf_post_padding
    printf8.o(i.__0fprintf$8) refers to printf8.o(i._printf_core) for _printf_core
    printf8.o(i.__0fprintf$8) refers to bspuart.o(.text) for fputc
    printf8.o(i.__0printf$8) refers to printf8.o(i._printf_core) for _printf_core
    printf8.o(i.__0printf$8) refers to bspuart.o(.text) for fputc
    printf8.o(i.__0printf$8) refers to stdout.o(.data) for __stdout
    printf8.o(i.__0snprintf$8) refers to printf8.o(i._printf_core) for _printf_core
    printf8.o(i.__0snprintf$8) refers to printf8.o(i._snputc) for _snputc
    printf8.o(i.__0sprintf$8) refers to printf8.o(i._printf_core) for _printf_core
    printf8.o(i.__0sprintf$8) refers to printf8.o(i._sputc) for _sputc
    printf8.o(i.__0vfprintf$8) refers to printf8.o(i._printf_core) for _printf_core
    printf8.o(i.__0vfprintf$8) refers to bspuart.o(.text) for fputc
    printf8.o(i.__0vprintf$8) refers to printf8.o(i._printf_core) for _printf_core
    printf8.o(i.__0vprintf$8) refers to bspuart.o(.text) for fputc
    printf8.o(i.__0vprintf$8) refers to stdout.o(.data) for __stdout
    printf8.o(i.__0vsnprintf$8) refers to printf8.o(i._printf_core) for _printf_core
    printf8.o(i.__0vsnprintf$8) refers to printf8.o(i._snputc) for _snputc
    printf8.o(i.__0vsprintf$8) refers to printf8.o(i._printf_core) for _printf_core
    printf8.o(i.__0vsprintf$8) refers to printf8.o(i._sputc) for _sputc
    printf8.o(i._printf_core) refers to printf8.o(i._printf_pre_padding) for _printf_pre_padding
    printf8.o(i._printf_core) refers to uldiv.o(.text) for __aeabi_uldivmod
    printf8.o(i._printf_core) refers to printf8.o(i._printf_post_padding) for _printf_post_padding
    printfa.o(i.__0fprintf) refers (Special) to iusefp.o(.text) for __I$use$fp
    printfa.o(i.__0fprintf) refers to printfa.o(i._printf_core) for _printf_core
    printfa.o(i.__0fprintf) refers to bspuart.o(.text) for fputc
    printfa.o(i.__0printf) refers (Special) to iusefp.o(.text) for __I$use$fp
    printfa.o(i.__0printf) refers to printfa.o(i._printf_core) for _printf_core
    printfa.o(i.__0printf) refers to bspuart.o(.text) for fputc
    printfa.o(i.__0printf) refers to stdout.o(.data) for __stdout
    printfa.o(i.__0snprintf) refers (Special) to iusefp.o(.text) for __I$use$fp
    printfa.o(i.__0snprintf) refers to printfa.o(i._printf_core) for _printf_core
    printfa.o(i.__0snprintf) refers to printfa.o(i._snputc) for _snputc
    printfa.o(i.__0sprintf) refers (Special) to iusefp.o(.text) for __I$use$fp
    printfa.o(i.__0sprintf) refers to printfa.o(i._printf_core) for _printf_core
    printfa.o(i.__0sprintf) refers to printfa.o(i._sputc) for _sputc
    printfa.o(i.__0vfprintf) refers (Special) to iusefp.o(.text) for __I$use$fp
    printfa.o(i.__0vfprintf) refers to printfa.o(i._printf_core) for _printf_core
    printfa.o(i.__0vfprintf) refers to bspuart.o(.text) for fputc
    printfa.o(i.__0vprintf) refers (Special) to iusefp.o(.text) for __I$use$fp
    printfa.o(i.__0vprintf) refers to printfa.o(i._printf_core) for _printf_core
    printfa.o(i.__0vprintf) refers to bspuart.o(.text) for fputc
    printfa.o(i.__0vprintf) refers to stdout.o(.data) for __stdout
    printfa.o(i.__0vsnprintf) refers (Special) to iusefp.o(.text) for __I$use$fp
    printfa.o(i.__0vsnprintf) refers to printfa.o(i._printf_core) for _printf_core
    printfa.o(i.__0vsnprintf) refers to printfa.o(i._snputc) for _snputc
    printfa.o(i.__0vsprintf) refers (Special) to iusefp.o(.text) for __I$use$fp
    printfa.o(i.__0vsprintf) refers to printfa.o(i._printf_core) for _printf_core
    printfa.o(i.__0vsprintf) refers to printfa.o(i._sputc) for _sputc
    printfa.o(i._fp_digits) refers (Special) to iusefp.o(.text) for __I$use$fp
    printfa.o(i._fp_digits) refers to dmul.o(.text) for __aeabi_dmul
    printfa.o(i._fp_digits) refers to ddiv.o(.text) for __aeabi_ddiv
    printfa.o(i._fp_digits) refers to cdrcmple.o(.text) for __aeabi_cdrcmple
    printfa.o(i._fp_digits) refers to dadd.o(.text) for __aeabi_dadd
    printfa.o(i._fp_digits) refers to dfixul.o(.text) for __aeabi_d2ulz
    printfa.o(i._fp_digits) refers to uldiv.o(.text) for __aeabi_uldivmod
    printfa.o(i._printf_core) refers (Special) to iusefp.o(.text) for __I$use$fp
    printfa.o(i._printf_core) refers to printfa.o(i._printf_pre_padding) for _printf_pre_padding
    printfa.o(i._printf_core) refers to uldiv.o(.text) for __aeabi_uldivmod
    printfa.o(i._printf_core) refers to printfa.o(i._printf_post_padding) for _printf_post_padding
    printfa.o(i._printf_core) refers to printfa.o(i._fp_digits) for _fp_digits
    printfa.o(i._printf_core) refers to uidiv.o(.text) for __aeabi_uidivmod
    printfa.o(i._printf_post_padding) refers (Special) to iusefp.o(.text) for __I$use$fp
    printfa.o(i._printf_pre_padding) refers (Special) to iusefp.o(.text) for __I$use$fp
    printfa.o(i._snputc) refers (Special) to iusefp.o(.text) for __I$use$fp
    printfa.o(i._sputc) refers (Special) to iusefp.o(.text) for __I$use$fp
    dadd.o(.text) refers (Special) to iusefp.o(.text) for __I$use$fp
    dadd.o(.text) refers to llshl.o(.text) for __aeabi_llsl
    dadd.o(.text) refers to llsshr.o(.text) for __aeabi_lasr
    dadd.o(.text) refers to depilogue.o(.text) for _double_epilogue
    dneg.o(.text) refers (Special) to iusefp.o(.text) for __I$use$fp
    dfltui.o(.text) refers (Special) to iusefp.o(.text) for __I$use$fp
    dfltui.o(.text) refers to depilogue.o(.text) for _double_epilogue
    dfixui.o(.text) refers (Special) to iusefp.o(.text) for __I$use$fp
    dfixui.o(.text) refers to llushr.o(.text) for __aeabi_llsr
    cdcmple.o(.text) refers (Special) to iusefp.o(.text) for __I$use$fp
    d2f.o(.text) refers (Special) to iusefp.o(.text) for __I$use$fp
    d2f.o(.text) refers to fepilogue.o(.text) for _float_round
    entry2.o(.ARM.Collect$$$$00000001) refers to entry2.o(.ARM.Collect$$$$00002712) for __lit__00000000
    entry2.o(.ARM.Collect$$$$00002712) refers to startup_stm32f40_41xxx.o(STACK) for __initial_sp
    entry2.o(__vectab_stack_and_reset_area) refers to startup_stm32f40_41xxx.o(STACK) for __initial_sp
    entry2.o(__vectab_stack_and_reset_area) refers to entry.o(.ARM.Collect$$$$00000000) for __main
    entry5.o(.ARM.Collect$$$$00000004) refers to init.o(.text) for __scatterload
    entry9a.o(.ARM.Collect$$$$0000000B) refers to main.o(.text) for main
    entry9b.o(.ARM.Collect$$$$0000000C) refers to main.o(.text) for main
    uldiv.o(.text) refers to llushr.o(.text) for __aeabi_llsr
    uldiv.o(.text) refers to llshl.o(.text) for __aeabi_llsl
    depilogue.o(.text) refers to llshl.o(.text) for __aeabi_llsl
    depilogue.o(.text) refers to llushr.o(.text) for __aeabi_llsr
    dmul.o(.text) refers to depilogue.o(.text) for _double_epilogue
    ddiv.o(.text) refers to depilogue.o(.text) for _double_round
    dfixul.o(.text) refers to llushr.o(.text) for __aeabi_llsr
    dfixul.o(.text) refers to llshl.o(.text) for __aeabi_llsl
    init.o(.text) refers to entry5.o(.ARM.Collect$$$$00000004) for __main_after_scatterload
    tft_lcd.o(i.LCD_WriteRAM_Prepare) refers to tft_lcd.o(i.LCD_REG_Select) for LCD_REG_Select


==============================================================================

Removing Unused input sections from the image.

    Removing main.o(.rev16_text), (4 bytes).
    Removing main.o(.revsh_text), (4 bytes).
    Removing stm32f4xx_it.o(.rev16_text), (4 bytes).
    Removing stm32f4xx_it.o(.revsh_text), (4 bytes).
    Removing system_stm32f4xx.o(.rev16_text), (4 bytes).
    Removing system_stm32f4xx.o(.revsh_text), (4 bytes).
    Removing startup_stm32f40_41xxx.o(HEAP), (512 bytes).
    Removing misc.o(.rev16_text), (4 bytes).
    Removing misc.o(.revsh_text), (4 bytes).
    Removing stm32f4xx_adc.o(.rev16_text), (4 bytes).
    Removing stm32f4xx_adc.o(.revsh_text), (4 bytes).
    Removing stm32f4xx_adc.o(.text), (1124 bytes).
    Removing stm32f4xx_can.o(.rev16_text), (4 bytes).
    Removing stm32f4xx_can.o(.revsh_text), (4 bytes).
    Removing stm32f4xx_can.o(.text), (2544 bytes).
    Removing stm32f4xx_crc.o(.rev16_text), (4 bytes).
    Removing stm32f4xx_crc.o(.revsh_text), (4 bytes).
    Removing stm32f4xx_crc.o(.text), (72 bytes).
    Removing stm32f4xx_dac.o(.rev16_text), (4 bytes).
    Removing stm32f4xx_dac.o(.revsh_text), (4 bytes).
    Removing stm32f4xx_dac.o(.text), (528 bytes).
    Removing stm32f4xx_dbgmcu.o(.rev16_text), (4 bytes).
    Removing stm32f4xx_dbgmcu.o(.revsh_text), (4 bytes).
    Removing stm32f4xx_dbgmcu.o(.text), (100 bytes).
    Removing stm32f4xx_dma2d.o(.rev16_text), (4 bytes).
    Removing stm32f4xx_dma2d.o(.revsh_text), (4 bytes).
    Removing stm32f4xx_dma2d.o(.text), (948 bytes).
    Removing stm32f4xx_dma.o(.rev16_text), (4 bytes).
    Removing stm32f4xx_dma.o(.revsh_text), (4 bytes).
    Removing stm32f4xx_exti.o(.rev16_text), (4 bytes).
    Removing stm32f4xx_exti.o(.revsh_text), (4 bytes).
    Removing stm32f4xx_flash.o(.rev16_text), (4 bytes).
    Removing stm32f4xx_flash.o(.revsh_text), (4 bytes).
    Removing stm32f4xx_flash.o(.text), (1684 bytes).
    Removing stm32f4xx_flash_ramfunc.o(.rev16_text), (4 bytes).
    Removing stm32f4xx_flash_ramfunc.o(.revsh_text), (4 bytes).
    Removing stm32f4xx_flash_ramfunc.o(.text), (64 bytes).
    Removing stm32f4xx_fsmc.o(.rev16_text), (4 bytes).
    Removing stm32f4xx_fsmc.o(.revsh_text), (4 bytes).
    Removing stm32f4xx_fsmc.o(.text), (1480 bytes).
    Removing stm32f4xx_fsmc.o(.constdata), (28 bytes).
    Removing stm32f4xx_gpio.o(.rev16_text), (4 bytes).
    Removing stm32f4xx_gpio.o(.revsh_text), (4 bytes).
    Removing stm32f4xx_i2c.o(.rev16_text), (4 bytes).
    Removing stm32f4xx_i2c.o(.revsh_text), (4 bytes).
    Removing stm32f4xx_i2c.o(.text), (1110 bytes).
    Removing stm32f4xx_iwdg.o(.rev16_text), (4 bytes).
    Removing stm32f4xx_iwdg.o(.revsh_text), (4 bytes).
    Removing stm32f4xx_iwdg.o(.text), (64 bytes).
    Removing stm32f4xx_ltdc.o(.rev16_text), (4 bytes).
    Removing stm32f4xx_ltdc.o(.revsh_text), (4 bytes).
    Removing stm32f4xx_ltdc.o(.text), (1672 bytes).
    Removing stm32f4xx_pwr.o(.rev16_text), (4 bytes).
    Removing stm32f4xx_pwr.o(.revsh_text), (4 bytes).
    Removing stm32f4xx_pwr.o(.text), (364 bytes).
    Removing stm32f4xx_rcc.o(.rev16_text), (4 bytes).
    Removing stm32f4xx_rcc.o(.revsh_text), (4 bytes).
    Removing stm32f4xx_rtc.o(.rev16_text), (4 bytes).
    Removing stm32f4xx_rtc.o(.revsh_text), (4 bytes).
    Removing stm32f4xx_rtc.o(.text), (3432 bytes).
    Removing stm32f4xx_sai.o(.rev16_text), (4 bytes).
    Removing stm32f4xx_sai.o(.revsh_text), (4 bytes).
    Removing stm32f4xx_sai.o(.text), (524 bytes).
    Removing stm32f4xx_sdio.o(.rev16_text), (4 bytes).
    Removing stm32f4xx_sdio.o(.revsh_text), (4 bytes).
    Removing stm32f4xx_sdio.o(.text), (476 bytes).
    Removing stm32f4xx_spi.o(.rev16_text), (4 bytes).
    Removing stm32f4xx_spi.o(.revsh_text), (4 bytes).
    Removing stm32f4xx_spi.o(.text), (1152 bytes).
    Removing stm32f4xx_syscfg.o(.rev16_text), (4 bytes).
    Removing stm32f4xx_syscfg.o(.revsh_text), (4 bytes).
    Removing stm32f4xx_tim.o(.rev16_text), (4 bytes).
    Removing stm32f4xx_tim.o(.revsh_text), (4 bytes).
    Removing stm32f4xx_usart.o(.rev16_text), (4 bytes).
    Removing stm32f4xx_usart.o(.revsh_text), (4 bytes).
    Removing stm32f4xx_wwdg.o(.rev16_text), (4 bytes).
    Removing stm32f4xx_wwdg.o(.revsh_text), (4 bytes).
    Removing stm32f4xx_wwdg.o(.text), (144 bytes).
    Removing character.o(.rev16_text), (4 bytes).
    Removing character.o(.revsh_text), (4 bytes).
    Removing character.o(.text), (424 bytes).
    Removing fonts.o(.rev16_text), (4 bytes).
    Removing fonts.o(.revsh_text), (4 bytes).
    Removing fonts.o(.constdata), (30720 bytes).
    Removing fonts.o(.data), (32 bytes).
    Removing tft_lcd.o(.rev16_text), (4 bytes).
    Removing tft_lcd.o(.revsh_text), (4 bytes).
    Removing tft_lcd.o(.text), (4672 bytes).
    Removing tft_lcd.o(.data), (8 bytes).
    Removing touch.o(.rev16_text), (4 bytes).
    Removing touch.o(.revsh_text), (4 bytes).
    Removing delay.o(.rev16_text), (4 bytes).
    Removing delay.o(.revsh_text), (4 bytes).
    Removing bsp_led.o(.rev16_text), (4 bytes).
    Removing bsp_led.o(.revsh_text), (4 bytes).
    Removing bsp_key.o(.rev16_text), (4 bytes).
    Removing bsp_key.o(.revsh_text), (4 bytes).
    Removing bsp_interrupt.o(.rev16_text), (4 bytes).
    Removing bsp_interrupt.o(.revsh_text), (4 bytes).
    Removing bsp_spi_flash.o(.rev16_text), (4 bytes).
    Removing bsp_spi_flash.o(.revsh_text), (4 bytes).
    Removing bsp_spi_flash.o(.text), (1100 bytes).
    Removing bsp_spi_flash.o(.bss), (4129 bytes).
    Removing bsp_pwm.o(.rev16_text), (4 bytes).
    Removing bsp_pwm.o(.revsh_text), (4 bytes).
    Removing bsp_pwm.o(.text), (2164 bytes).
    Removing bsp_adc.o(.rev16_text), (4 bytes).
    Removing bsp_adc.o(.revsh_text), (4 bytes).
    Removing bsp_adc.o(.text), (808 bytes).
    Removing bsp_adc.o(.bss), (6144 bytes).
    Removing bsp_timer.o(.rev16_text), (4 bytes).
    Removing bsp_timer.o(.revsh_text), (4 bytes).
    Removing bsp_timer.o(.text), (148 bytes).
    Removing bsp_dac.o(.rev16_text), (4 bytes).
    Removing bsp_dac.o(.revsh_text), (4 bytes).
    Removing bsp_dac.o(.text), (204 bytes).
    Removing bsp_dac.o(.bss), (2048 bytes).
    Removing bsp_ui.o(.rev16_text), (4 bytes).
    Removing bsp_ui.o(.revsh_text), (4 bytes).
    Removing bsp_ui.o(.text), (1102 bytes).
    Removing bspuart.o(.rev16_text), (4 bytes).
    Removing bspuart.o(.revsh_text), (4 bytes).
    Removing port.o(.rev16_text), (4 bytes).
    Removing port.o(.revsh_text), (4 bytes).
    Removing dadd.o(.text), (334 bytes).
    Removing dneg.o(.text), (6 bytes).
    Removing dfltui.o(.text), (26 bytes).
    Removing dfixui.o(.text), (50 bytes).
    Removing cdcmple.o(.text), (48 bytes).
    Removing d2f.o(.text), (56 bytes).
    Removing fepilogue.o(.text), (110 bytes).
    Removing depilogue.o(.text), (186 bytes).
    Removing dmul.o(.text), (228 bytes).
    Removing ddiv.o(.text), (222 bytes).
    Removing dfixul.o(.text), (48 bytes).
    Removing cdrcmple.o(.text), (48 bytes).
    Removing tft_lcd.o(i.LCD_REG_Select), (8 bytes).
    Removing tft_lcd.o(i.LCD_WriteRAM_Prepare), (10 bytes).
    Removing tft_lcd.o(i.LCD_WriteRAM), (8 bytes).

139 unused section(s) (total 73473 bytes) removed from the image.

==============================================================================

Image Symbol Table

    Local Symbols

    Symbol Name                              Value     Ov Type        Size  Object(Section)

    ../clib/microlib/division.c              0x00000000   Number         0  uidiv.o ABSOLUTE
    ../clib/microlib/division.c              0x00000000   Number         0  uldiv.o ABSOLUTE
    ../clib/microlib/init/entry.s            0x00000000   Number         0  entry7a.o ABSOLUTE
    ../clib/microlib/init/entry.s            0x00000000   Number         0  entry11b.o ABSOLUTE
    ../clib/microlib/init/entry.s            0x00000000   Number         0  entry11a.o ABSOLUTE
    ../clib/microlib/init/entry.s            0x00000000   Number         0  entry10b.o ABSOLUTE
    ../clib/microlib/init/entry.s            0x00000000   Number         0  entry10a.o ABSOLUTE
    ../clib/microlib/init/entry.s            0x00000000   Number         0  entry9b.o ABSOLUTE
    ../clib/microlib/init/entry.s            0x00000000   Number         0  entry8b.o ABSOLUTE
    ../clib/microlib/init/entry.s            0x00000000   Number         0  entry8a.o ABSOLUTE
    ../clib/microlib/init/entry.s            0x00000000   Number         0  entry7b.o ABSOLUTE
    ../clib/microlib/init/entry.s            0x00000000   Number         0  entry5.o ABSOLUTE
    ../clib/microlib/init/entry.s            0x00000000   Number         0  entry2.o ABSOLUTE
    ../clib/microlib/init/entry.s            0x00000000   Number         0  entry9a.o ABSOLUTE
    ../clib/microlib/init/entry.s            0x00000000   Number         0  entry.o ABSOLUTE
    ../clib/microlib/longlong.c              0x00000000   Number         0  llushr.o ABSOLUTE
    ../clib/microlib/longlong.c              0x00000000   Number         0  llsshr.o ABSOLUTE
    ../clib/microlib/longlong.c              0x00000000   Number         0  llshl.o ABSOLUTE
    ../clib/microlib/printf/printf.c         0x00000000   Number         0  printfb.o ABSOLUTE
    ../clib/microlib/printf/printf.c         0x00000000   Number         0  printf3.o ABSOLUTE
    ../clib/microlib/printf/printf.c         0x00000000   Number         0  printf2.o ABSOLUTE
    ../clib/microlib/printf/printf.c         0x00000000   Number         0  printf1.o ABSOLUTE
    ../clib/microlib/printf/printf.c         0x00000000   Number         0  printfa.o ABSOLUTE
    ../clib/microlib/printf/printf.c         0x00000000   Number         0  printf0.o ABSOLUTE
    ../clib/microlib/printf/printf.c         0x00000000   Number         0  printf8.o ABSOLUTE
    ../clib/microlib/printf/printf.c         0x00000000   Number         0  printf7.o ABSOLUTE
    ../clib/microlib/printf/printf.c         0x00000000   Number         0  printf6.o ABSOLUTE
    ../clib/microlib/printf/printf.c         0x00000000   Number         0  printf5.o ABSOLUTE
    ../clib/microlib/printf/printf.c         0x00000000   Number         0  printf4.o ABSOLUTE
    ../clib/microlib/printf/stubs.s          0x00000000   Number         0  stubs.o ABSOLUTE
    ../clib/microlib/stdio/streams.c         0x00000000   Number         0  stdout.o ABSOLUTE
    ../clib/microlib/string/strcmp.c         0x00000000   Number         0  strcmp.o ABSOLUTE
    ../clib/microlib/string/strcpy.c         0x00000000   Number         0  strcpy.o ABSOLUTE
    ../clib/microlib/string/strlen.c         0x00000000   Number         0  strlen.o ABSOLUTE
    ../clib/microlib/stubs.s                 0x00000000   Number         0  iusefp.o ABSOLUTE
    ../fplib/microlib/d2f.c                  0x00000000   Number         0  d2f.o ABSOLUTE
    ../fplib/microlib/fpadd.c                0x00000000   Number         0  dadd.o ABSOLUTE
    ../fplib/microlib/fpdiv.c                0x00000000   Number         0  ddiv.o ABSOLUTE
    ../fplib/microlib/fpepilogue.c           0x00000000   Number         0  depilogue.o ABSOLUTE
    ../fplib/microlib/fpepilogue.c           0x00000000   Number         0  fepilogue.o ABSOLUTE
    ../fplib/microlib/fpfix.c                0x00000000   Number         0  dfixui.o ABSOLUTE
    ../fplib/microlib/fpfix.c                0x00000000   Number         0  dfixul.o ABSOLUTE
    ../fplib/microlib/fpflt.c                0x00000000   Number         0  dfltui.o ABSOLUTE
    ../fplib/microlib/fpmul.c                0x00000000   Number         0  dmul.o ABSOLUTE
    ../fplib/microlib/fpneg.c                0x00000000   Number         0  dneg.o ABSOLUTE
    ..\BSP\bspMalloc.c                       0x00000000   Number         0  bspmalloc.o ABSOLUTE
    ..\BSP\bspUart.c                         0x00000000   Number         0  bspuart.o ABSOLUTE
    ..\BSP\bsp_adc.c                         0x00000000   Number         0  bsp_adc.o ABSOLUTE
    ..\BSP\bsp_dac.c                         0x00000000   Number         0  bsp_dac.o ABSOLUTE
    ..\BSP\bsp_interrupt.c                   0x00000000   Number         0  bsp_interrupt.o ABSOLUTE
    ..\BSP\bsp_key.c                         0x00000000   Number         0  bsp_key.o ABSOLUTE
    ..\BSP\bsp_led.c                         0x00000000   Number         0  bsp_led.o ABSOLUTE
    ..\BSP\bsp_pwm.c                         0x00000000   Number         0  bsp_pwm.o ABSOLUTE
    ..\BSP\bsp_spi_flash.c                   0x00000000   Number         0  bsp_spi_flash.o ABSOLUTE
    ..\BSP\bsp_timer.c                       0x00000000   Number         0  bsp_timer.o ABSOLUTE
    ..\BSP\bsp_ui.c                          0x00000000   Number         0  bsp_ui.o ABSOLUTE
    ..\CORE\startup_stm32f40_41xxx.s         0x00000000   Number         0  startup_stm32f40_41xxx.o ABSOLUTE
    ..\FWLIB\src\misc.c                      0x00000000   Number         0  misc.o ABSOLUTE
    ..\FWLIB\src\stm32f4xx_adc.c             0x00000000   Number         0  stm32f4xx_adc.o ABSOLUTE
    ..\FWLIB\src\stm32f4xx_can.c             0x00000000   Number         0  stm32f4xx_can.o ABSOLUTE
    ..\FWLIB\src\stm32f4xx_crc.c             0x00000000   Number         0  stm32f4xx_crc.o ABSOLUTE
    ..\FWLIB\src\stm32f4xx_dac.c             0x00000000   Number         0  stm32f4xx_dac.o ABSOLUTE
    ..\FWLIB\src\stm32f4xx_dbgmcu.c          0x00000000   Number         0  stm32f4xx_dbgmcu.o ABSOLUTE
    ..\FWLIB\src\stm32f4xx_dma.c             0x00000000   Number         0  stm32f4xx_dma.o ABSOLUTE
    ..\FWLIB\src\stm32f4xx_dma2d.c           0x00000000   Number         0  stm32f4xx_dma2d.o ABSOLUTE
    ..\FWLIB\src\stm32f4xx_exti.c            0x00000000   Number         0  stm32f4xx_exti.o ABSOLUTE
    ..\FWLIB\src\stm32f4xx_flash.c           0x00000000   Number         0  stm32f4xx_flash.o ABSOLUTE
    ..\FWLIB\src\stm32f4xx_flash_ramfunc.c   0x00000000   Number         0  stm32f4xx_flash_ramfunc.o ABSOLUTE
    ..\FWLIB\src\stm32f4xx_fsmc.c            0x00000000   Number         0  stm32f4xx_fsmc.o ABSOLUTE
    ..\FWLIB\src\stm32f4xx_gpio.c            0x00000000   Number         0  stm32f4xx_gpio.o ABSOLUTE
    ..\FWLIB\src\stm32f4xx_i2c.c             0x00000000   Number         0  stm32f4xx_i2c.o ABSOLUTE
    ..\FWLIB\src\stm32f4xx_iwdg.c            0x00000000   Number         0  stm32f4xx_iwdg.o ABSOLUTE
    ..\FWLIB\src\stm32f4xx_ltdc.c            0x00000000   Number         0  stm32f4xx_ltdc.o ABSOLUTE
    ..\FWLIB\src\stm32f4xx_pwr.c             0x00000000   Number         0  stm32f4xx_pwr.o ABSOLUTE
    ..\FWLIB\src\stm32f4xx_rcc.c             0x00000000   Number         0  stm32f4xx_rcc.o ABSOLUTE
    ..\FWLIB\src\stm32f4xx_rtc.c             0x00000000   Number         0  stm32f4xx_rtc.o ABSOLUTE
    ..\FWLIB\src\stm32f4xx_sai.c             0x00000000   Number         0  stm32f4xx_sai.o ABSOLUTE
    ..\FWLIB\src\stm32f4xx_sdio.c            0x00000000   Number         0  stm32f4xx_sdio.o ABSOLUTE
    ..\FWLIB\src\stm32f4xx_spi.c             0x00000000   Number         0  stm32f4xx_spi.o ABSOLUTE
    ..\FWLIB\src\stm32f4xx_syscfg.c          0x00000000   Number         0  stm32f4xx_syscfg.o ABSOLUTE
    ..\FWLIB\src\stm32f4xx_tim.c             0x00000000   Number         0  stm32f4xx_tim.o ABSOLUTE
    ..\FWLIB\src\stm32f4xx_usart.c           0x00000000   Number         0  stm32f4xx_usart.o ABSOLUTE
    ..\FWLIB\src\stm32f4xx_wwdg.c            0x00000000   Number         0  stm32f4xx_wwdg.o ABSOLUTE
    ..\OS\list.c                             0x00000000   Number         0  list.o ABSOLUTE
    ..\OS\port.c                             0x00000000   Number         0  port.o ABSOLUTE
    ..\SYSTEM\delay\delay.c                  0x00000000   Number         0  delay.o ABSOLUTE
    ..\TFT_LCD\Character.c                   0x00000000   Number         0  character.o ABSOLUTE
    ..\TFT_LCD\TFT_LCD.c                     0x00000000   Number         0  tft_lcd.o ABSOLUTE
    ..\TFT_LCD\fonts.c                       0x00000000   Number         0  fonts.o ABSOLUTE
    ..\TFT_LCD\touch.c                       0x00000000   Number         0  touch.o ABSOLUTE
    ..\\BSP\\bspUart.c                       0x00000000   Number         0  bspuart.o ABSOLUTE
    ..\\BSP\\bsp_adc.c                       0x00000000   Number         0  bsp_adc.o ABSOLUTE
    ..\\BSP\\bsp_dac.c                       0x00000000   Number         0  bsp_dac.o ABSOLUTE
    ..\\BSP\\bsp_interrupt.c                 0x00000000   Number         0  bsp_interrupt.o ABSOLUTE
    ..\\BSP\\bsp_key.c                       0x00000000   Number         0  bsp_key.o ABSOLUTE
    ..\\BSP\\bsp_led.c                       0x00000000   Number         0  bsp_led.o ABSOLUTE
    ..\\BSP\\bsp_pwm.c                       0x00000000   Number         0  bsp_pwm.o ABSOLUTE
    ..\\BSP\\bsp_spi_flash.c                 0x00000000   Number         0  bsp_spi_flash.o ABSOLUTE
    ..\\BSP\\bsp_timer.c                     0x00000000   Number         0  bsp_timer.o ABSOLUTE
    ..\\BSP\\bsp_ui.c                        0x00000000   Number         0  bsp_ui.o ABSOLUTE
    ..\\FWLIB\\src\\misc.c                   0x00000000   Number         0  misc.o ABSOLUTE
    ..\\FWLIB\\src\\stm32f4xx_adc.c          0x00000000   Number         0  stm32f4xx_adc.o ABSOLUTE
    ..\\FWLIB\\src\\stm32f4xx_can.c          0x00000000   Number         0  stm32f4xx_can.o ABSOLUTE
    ..\\FWLIB\\src\\stm32f4xx_crc.c          0x00000000   Number         0  stm32f4xx_crc.o ABSOLUTE
    ..\\FWLIB\\src\\stm32f4xx_dac.c          0x00000000   Number         0  stm32f4xx_dac.o ABSOLUTE
    ..\\FWLIB\\src\\stm32f4xx_dbgmcu.c       0x00000000   Number         0  stm32f4xx_dbgmcu.o ABSOLUTE
    ..\\FWLIB\\src\\stm32f4xx_dma.c          0x00000000   Number         0  stm32f4xx_dma.o ABSOLUTE
    ..\\FWLIB\\src\\stm32f4xx_dma2d.c        0x00000000   Number         0  stm32f4xx_dma2d.o ABSOLUTE
    ..\\FWLIB\\src\\stm32f4xx_exti.c         0x00000000   Number         0  stm32f4xx_exti.o ABSOLUTE
    ..\\FWLIB\\src\\stm32f4xx_flash.c        0x00000000   Number         0  stm32f4xx_flash.o ABSOLUTE
    ..\\FWLIB\\src\\stm32f4xx_flash_ramfunc.c 0x00000000   Number         0  stm32f4xx_flash_ramfunc.o ABSOLUTE
    ..\\FWLIB\\src\\stm32f4xx_fsmc.c         0x00000000   Number         0  stm32f4xx_fsmc.o ABSOLUTE
    ..\\FWLIB\\src\\stm32f4xx_gpio.c         0x00000000   Number         0  stm32f4xx_gpio.o ABSOLUTE
    ..\\FWLIB\\src\\stm32f4xx_i2c.c          0x00000000   Number         0  stm32f4xx_i2c.o ABSOLUTE
    ..\\FWLIB\\src\\stm32f4xx_iwdg.c         0x00000000   Number         0  stm32f4xx_iwdg.o ABSOLUTE
    ..\\FWLIB\\src\\stm32f4xx_ltdc.c         0x00000000   Number         0  stm32f4xx_ltdc.o ABSOLUTE
    ..\\FWLIB\\src\\stm32f4xx_pwr.c          0x00000000   Number         0  stm32f4xx_pwr.o ABSOLUTE
    ..\\FWLIB\\src\\stm32f4xx_rcc.c          0x00000000   Number         0  stm32f4xx_rcc.o ABSOLUTE
    ..\\FWLIB\\src\\stm32f4xx_rtc.c          0x00000000   Number         0  stm32f4xx_rtc.o ABSOLUTE
    ..\\FWLIB\\src\\stm32f4xx_sai.c          0x00000000   Number         0  stm32f4xx_sai.o ABSOLUTE
    ..\\FWLIB\\src\\stm32f4xx_sdio.c         0x00000000   Number         0  stm32f4xx_sdio.o ABSOLUTE
    ..\\FWLIB\\src\\stm32f4xx_spi.c          0x00000000   Number         0  stm32f4xx_spi.o ABSOLUTE
    ..\\FWLIB\\src\\stm32f4xx_syscfg.c       0x00000000   Number         0  stm32f4xx_syscfg.o ABSOLUTE
    ..\\FWLIB\\src\\stm32f4xx_tim.c          0x00000000   Number         0  stm32f4xx_tim.o ABSOLUTE
    ..\\FWLIB\\src\\stm32f4xx_usart.c        0x00000000   Number         0  stm32f4xx_usart.o ABSOLUTE
    ..\\FWLIB\\src\\stm32f4xx_wwdg.c         0x00000000   Number         0  stm32f4xx_wwdg.o ABSOLUTE
    ..\\OS\\port.c                           0x00000000   Number         0  port.o ABSOLUTE
    ..\\SYSTEM\\delay\\delay.c               0x00000000   Number         0  delay.o ABSOLUTE
    ..\\TFT_LCD\\Character.c                 0x00000000   Number         0  character.o ABSOLUTE
    ..\\TFT_LCD\\TFT_LCD.c                   0x00000000   Number         0  tft_lcd.o ABSOLUTE
    ..\\TFT_LCD\\fonts.c                     0x00000000   Number         0  fonts.o ABSOLUTE
    ..\\TFT_LCD\\touch.c                     0x00000000   Number         0  touch.o ABSOLUTE
    cdcmple.s                                0x00000000   Number         0  cdcmple.o ABSOLUTE
    cdrcmple.s                               0x00000000   Number         0  cdrcmple.o ABSOLUTE
    dc.s                                     0x00000000   Number         0  dc.o ABSOLUTE
    handlers.s                               0x00000000   Number         0  handlers.o ABSOLUTE
    init.s                                   0x00000000   Number         0  init.o ABSOLUTE
    main.c                                   0x00000000   Number         0  main.o ABSOLUTE
    main.c                                   0x00000000   Number         0  main.o ABSOLUTE
    stm32f4xx_it.c                           0x00000000   Number         0  stm32f4xx_it.o ABSOLUTE
    stm32f4xx_it.c                           0x00000000   Number         0  stm32f4xx_it.o ABSOLUTE
    system_stm32f4xx.c                       0x00000000   Number         0  system_stm32f4xx.o ABSOLUTE
    system_stm32f4xx.c                       0x00000000   Number         0  system_stm32f4xx.o ABSOLUTE
    RESET                                    0x08000000   Section      392  startup_stm32f40_41xxx.o(RESET)
    .ARM.Collect$$$$00000000                 0x08000188   Section        0  entry.o(.ARM.Collect$$$$00000000)
    .ARM.Collect$$$$00000001                 0x08000188   Section        4  entry2.o(.ARM.Collect$$$$00000001)
    .ARM.Collect$$$$00000004                 0x0800018c   Section        4  entry5.o(.ARM.Collect$$$$00000004)
    .ARM.Collect$$$$00000008                 0x08000190   Section        0  entry7b.o(.ARM.Collect$$$$00000008)
    .ARM.Collect$$$$0000000A                 0x08000190   Section        0  entry8b.o(.ARM.Collect$$$$0000000A)
    .ARM.Collect$$$$0000000B                 0x08000190   Section        8  entry9a.o(.ARM.Collect$$$$0000000B)
    .ARM.Collect$$$$0000000D                 0x08000198   Section        0  entry10a.o(.ARM.Collect$$$$0000000D)
    .ARM.Collect$$$$0000000F                 0x08000198   Section        0  entry11a.o(.ARM.Collect$$$$0000000F)
    .ARM.Collect$$$$00002712                 0x08000198   Section        4  entry2.o(.ARM.Collect$$$$00002712)
    __lit__00000000                          0x08000198   Data           4  entry2.o(.ARM.Collect$$$$00002712)
    .emb_text                                0x0800019c   Section       48  port.o(.emb_text)
    $v0                                      0x0800019c   Number         0  port.o(.emb_text)
    .text                                    0x080001cc   Section        0  main.o(.text)
    Bsp_Init                                 0x080001e5   Thumb Code    54  main.o(.text)
    .text                                    0x0800023c   Section        0  stm32f4xx_it.o(.text)
    .text                                    0x08000254   Section        0  system_stm32f4xx.o(.text)
    SetSysClock                              0x08000255   Thumb Code   220  system_stm32f4xx.o(.text)
    .text                                    0x08000464   Section       36  startup_stm32f40_41xxx.o(.text)
    $v0                                      0x08000464   Number         0  startup_stm32f40_41xxx.o(.text)
    .text                                    0x08000488   Section        0  misc.o(.text)
    .text                                    0x08000568   Section        0  stm32f4xx_dma.o(.text)
    .text                                    0x08000910   Section        0  stm32f4xx_exti.o(.text)
    .text                                    0x08000a20   Section        0  stm32f4xx_gpio.o(.text)
    .text                                    0x08000cb4   Section        0  stm32f4xx_rcc.o(.text)
    .text                                    0x08001310   Section        0  stm32f4xx_syscfg.o(.text)
    .text                                    0x080013a4   Section        0  stm32f4xx_tim.o(.text)
    TI4_Config                               0x08001b43   Thumb Code    80  stm32f4xx_tim.o(.text)
    TI3_Config                               0x08001ba5   Thumb Code    72  stm32f4xx_tim.o(.text)
    TI2_Config                               0x08001c07   Thumb Code    90  stm32f4xx_tim.o(.text)
    TI1_Config                               0x08001c73   Thumb Code    58  stm32f4xx_tim.o(.text)
    .text                                    0x08002048   Section        0  stm32f4xx_usart.o(.text)
    .text                                    0x0800249c   Section        0  touch.o(.text)
    EXTILine13_Config                        0x080024bb   Thumb Code    92  touch.o(.text)
    Delay                                    0x08002517   Thumb Code    16  touch.o(.text)
    ADS_Write_Byte                           0x08002527   Thumb Code    90  touch.o(.text)
    ADS_Read_AD                              0x08002581   Thumb Code   174  touch.o(.text)
    ADS_Read_XY                              0x0800262f   Thumb Code   124  touch.o(.text)
    GPIO_Configuration                       0x080026d9   Thumb Code   154  touch.o(.text)
    .text                                    0x08002894   Section        0  delay.o(.text)
    softTmrDec                               0x08002895   Thumb Code    42  delay.o(.text)
    __set_PRIMASK                            0x08002a7b   Thumb Code     6  delay.o(.text)
    .text                                    0x08002a90   Section        0  bsp_led.o(.text)
    LED_Control                              0x08002a91   Thumb Code   152  bsp_led.o(.text)
    .text                                    0x08002bc0   Section        0  bsp_key.o(.text)
    Key_Read                                 0x08002bc1   Thumb Code    84  bsp_key.o(.text)
    getKeyState                              0x08002c15   Thumb Code   202  bsp_key.o(.text)
    getEnum                                  0x08002cdf   Thumb Code    72  bsp_key.o(.text)
    .text                                    0x08002e54   Section        0  bsp_interrupt.o(.text)
    .text                                    0x08002eac   Section        0  bspuart.o(.text)
    uartDmaConfig                            0x08002ead   Thumb Code   104  bspuart.o(.text)
    .text                                    0x08003070   Section        0  bspmalloc.o(.text)
    insertBLock                              0x08003071   Thumb Code    96  bspmalloc.o(.text)
    .text                                    0x08003220   Section        0  port.o(.text)
    tTaskInit                                0x08003245   Thumb Code   132  port.o(.text)
    .text                                    0x08003358   Section        0  list.o(.text)
    .text                                    0x0800356c   Section        0  strcmp.o(.text)
    .text                                    0x08003588   Section        0  strcpy.o(.text)
    .text                                    0x0800359a   Section        0  uidiv.o(.text)
    .text                                    0x080035c8   Section       36  init.o(.text)
    i.__0printf$3                            0x080035ec   Section        0  printf3.o(i.__0printf$3)
    i.__scatterload_copy                     0x0800360c   Section       14  handlers.o(i.__scatterload_copy)
    i.__scatterload_null                     0x0800361a   Section        2  handlers.o(i.__scatterload_null)
    i.__scatterload_zeroinit                 0x0800361c   Section       14  handlers.o(i.__scatterload_zeroinit)
    i._printf_core                           0x0800362c   Section        0  printf3.o(i._printf_core)
    _printf_core                             0x0800362d   Thumb Code   436  printf3.o(i._printf_core)
    .data                                    0x20000000   Section       12  main.o(.data)
    .data                                    0x2000000c   Section       20  system_stm32f4xx.o(.data)
    .data                                    0x20000020   Section       16  stm32f4xx_rcc.o(.data)
    APBAHBPrescTable                         0x20000020   Data          16  stm32f4xx_rcc.o(.data)
    .data                                    0x20000030   Section        3  touch.o(.data)
    .data                                    0x20000034   Section       12  delay.o(.data)
    .data                                    0x20000040   Section        1  bsp_led.o(.data)
    ledCnt                                   0x20000040   Data           1  bsp_led.o(.data)
    .data                                    0x20000044   Section        6  bsp_key.o(.data)
    cnt                                      0x20000049   Data           1  bsp_key.o(.data)
    .data                                    0x2000004c   Section       20  bspmalloc.o(.data)
    heapStart                                0x2000004c   Data           8  bspmalloc.o(.data)
    heapEnd                                  0x20000054   Data           4  bspmalloc.o(.data)
    freeByteRemaining                        0x20000058   Data           4  bspmalloc.o(.data)
    minFreeByteRemaining                     0x2000005c   Data           4  bspmalloc.o(.data)
    .data                                    0x20000060   Section        8  port.o(.data)
    .data                                    0x20000068   Section        4  stdout.o(.data)
    .bss                                     0x2000006c   Section    12336  main.o(.bss)
    .bss                                     0x2000309c   Section       28  touch.o(.bss)
    .bss                                     0x200030b8   Section       10  bsp_key.o(.bss)
    read_key_state                           0x200030b8   Data          10  bsp_key.o(.bss)
    .bss                                     0x200030c2   Section     1024  bspuart.o(.bss)
    .bss                                     0x200034c2   Section    30720  bspmalloc.o(.bss)
    heap                                     0x200034c2   Data       30720  bspmalloc.o(.bss)
    .bss                                     0x2000acc4   Section      200  list.o(.bss)
    STACK                                    0x2000ad90   Section     1024  startup_stm32f40_41xxx.o(STACK)

    Global Symbols

    Symbol Name                              Value     Ov Type        Size  Object(Section)

    BuildAttributes$$THM_ISAv4$E$P$D$K$B$S$7EM$VFPi3$EXTD16$VFPS$VFMA$PE$A:L22UL41UL21$X:L11$S22US41US21$IEEE1$IW$USESV6$~STKCKD$USESV7$~SHL$OTIME$ROPI$EBA8$MICROLIB$REQ8$PRES8$EABIv2 0x00000000   Number         0  anon$$obj.o ABSOLUTE
    __ARM_use_no_argv                        0x00000000   Number         0  main.o ABSOLUTE
    _printf_a                                0x00000000   Number         0  stubs.o ABSOLUTE
    _printf_c                                0x00000000   Number         0  stubs.o ABSOLUTE
    _printf_charcount                        0x00000000   Number         0  stubs.o ABSOLUTE
    _printf_d                                0x00000000   Number         0  stubs.o ABSOLUTE
    _printf_e                                0x00000000   Number         0  stubs.o ABSOLUTE
    _printf_f                                0x00000000   Number         0  stubs.o ABSOLUTE
    _printf_flags                            0x00000000   Number         0  stubs.o ABSOLUTE
    _printf_fp_dec                           0x00000000   Number         0  stubs.o ABSOLUTE
    _printf_fp_hex                           0x00000000   Number         0  stubs.o ABSOLUTE
    _printf_g                                0x00000000   Number         0  stubs.o ABSOLUTE
    _printf_i                                0x00000000   Number         0  stubs.o ABSOLUTE
    _printf_int_dec                          0x00000000   Number         0  stubs.o ABSOLUTE
    _printf_l                                0x00000000   Number         0  stubs.o ABSOLUTE
    _printf_lc                               0x00000000   Number         0  stubs.o ABSOLUTE
    _printf_ll                               0x00000000   Number         0  stubs.o ABSOLUTE
    _printf_lld                              0x00000000   Number         0  stubs.o ABSOLUTE
    _printf_lli                              0x00000000   Number         0  stubs.o ABSOLUTE
    _printf_llo                              0x00000000   Number         0  stubs.o ABSOLUTE
    _printf_llu                              0x00000000   Number         0  stubs.o ABSOLUTE
    _printf_llx                              0x00000000   Number         0  stubs.o ABSOLUTE
    _printf_longlong_dec                     0x00000000   Number         0  stubs.o ABSOLUTE
    _printf_longlong_hex                     0x00000000   Number         0  stubs.o ABSOLUTE
    _printf_longlong_oct                     0x00000000   Number         0  stubs.o ABSOLUTE
    _printf_ls                               0x00000000   Number         0  stubs.o ABSOLUTE
    _printf_mbtowc                           0x00000000   Number         0  stubs.o ABSOLUTE
    _printf_n                                0x00000000   Number         0  stubs.o ABSOLUTE
    _printf_o                                0x00000000   Number         0  stubs.o ABSOLUTE
    _printf_p                                0x00000000   Number         0  stubs.o ABSOLUTE
    _printf_percent                          0x00000000   Number         0  stubs.o ABSOLUTE
    _printf_pre_padding                      0x00000000   Number         0  stubs.o ABSOLUTE
    _printf_return_value                     0x00000000   Number         0  stubs.o ABSOLUTE
    _printf_s                                0x00000000   Number         0  stubs.o ABSOLUTE
    _printf_sizespec                         0x00000000   Number         0  stubs.o ABSOLUTE
    _printf_str                              0x00000000   Number         0  stubs.o ABSOLUTE
    _printf_truncate_signed                  0x00000000   Number         0  stubs.o ABSOLUTE
    _printf_truncate_unsigned                0x00000000   Number         0  stubs.o ABSOLUTE
    _printf_u                                0x00000000   Number         0  stubs.o ABSOLUTE
    _printf_wc                               0x00000000   Number         0  stubs.o ABSOLUTE
    _printf_wctomb                           0x00000000   Number         0  stubs.o ABSOLUTE
    _printf_widthprec                        0x00000000   Number         0  stubs.o ABSOLUTE
    _printf_x                                0x00000000   Number         0  stubs.o ABSOLUTE
    __cpp_initialize__aeabi_                  - Undefined Weak Reference
    __cxa_finalize                            - Undefined Weak Reference
    __decompress                              - Undefined Weak Reference
    _clock_init                               - Undefined Weak Reference
    _microlib_exit                            - Undefined Weak Reference
    __Vectors_Size                           0x00000188   Number         0  startup_stm32f40_41xxx.o ABSOLUTE
    __Vectors                                0x08000000   Data           4  startup_stm32f40_41xxx.o(RESET)
    __Vectors_End                            0x08000188   Data           0  startup_stm32f40_41xxx.o(RESET)
    __main                                   0x08000189   Thumb Code     0  entry.o(.ARM.Collect$$$$00000000)
    _main_stk                                0x08000189   Thumb Code     0  entry2.o(.ARM.Collect$$$$00000001)
    _main_scatterload                        0x0800018d   Thumb Code     0  entry5.o(.ARM.Collect$$$$00000004)
    __main_after_scatterload                 0x08000191   Thumb Code     0  entry5.o(.ARM.Collect$$$$00000004)
    _main_clock                              0x08000191   Thumb Code     0  entry7b.o(.ARM.Collect$$$$00000008)
    _main_cpp_init                           0x08000191   Thumb Code     0  entry8b.o(.ARM.Collect$$$$0000000A)
    _main_init                               0x08000191   Thumb Code     0  entry9a.o(.ARM.Collect$$$$0000000B)
    __rt_final_cpp                           0x08000199   Thumb Code     0  entry10a.o(.ARM.Collect$$$$0000000D)
    __rt_final_exit                          0x08000199   Thumb Code     0  entry11a.o(.ARM.Collect$$$$0000000F)
    PendSV_Handler                           0x0800019d   Thumb Code    40  port.o(.emb_text)
    task1                                    0x080001cd   Thumb Code    12  main.o(.text)
    task2                                    0x080001d9   Thumb Code     8  main.o(.text)
    _idleTask                                0x080001e1   Thumb Code     4  main.o(.text)
    main                                     0x0800021b   Thumb Code    10  main.o(.text)
    NMI_Handler                              0x0800023d   Thumb Code     2  stm32f4xx_it.o(.text)
    HardFault_Handler                        0x0800023f   Thumb Code     4  stm32f4xx_it.o(.text)
    MemManage_Handler                        0x08000243   Thumb Code     4  stm32f4xx_it.o(.text)
    BusFault_Handler                         0x08000247   Thumb Code     4  stm32f4xx_it.o(.text)
    UsageFault_Handler                       0x0800024b   Thumb Code     4  stm32f4xx_it.o(.text)
    SVC_Handler                              0x0800024f   Thumb Code     2  stm32f4xx_it.o(.text)
    DebugMon_Handler                         0x08000251   Thumb Code     2  stm32f4xx_it.o(.text)
    SystemInit                               0x08000331   Thumb Code    88  system_stm32f4xx.o(.text)
    SystemCoreClockUpdate                    0x08000389   Thumb Code   174  system_stm32f4xx.o(.text)
    Reset_Handler                            0x08000465   Thumb Code     8  startup_stm32f40_41xxx.o(.text)
    ADC_IRQHandler                           0x0800047f   Thumb Code     0  startup_stm32f40_41xxx.o(.text)
    CAN1_RX0_IRQHandler                      0x0800047f   Thumb Code     0  startup_stm32f40_41xxx.o(.text)
    CAN1_RX1_IRQHandler                      0x0800047f   Thumb Code     0  startup_stm32f40_41xxx.o(.text)
    CAN1_SCE_IRQHandler                      0x0800047f   Thumb Code     0  startup_stm32f40_41xxx.o(.text)
    CAN1_TX_IRQHandler                       0x0800047f   Thumb Code     0  startup_stm32f40_41xxx.o(.text)
    CAN2_RX0_IRQHandler                      0x0800047f   Thumb Code     0  startup_stm32f40_41xxx.o(.text)
    CAN2_RX1_IRQHandler                      0x0800047f   Thumb Code     0  startup_stm32f40_41xxx.o(.text)
    CAN2_SCE_IRQHandler                      0x0800047f   Thumb Code     0  startup_stm32f40_41xxx.o(.text)
    CAN2_TX_IRQHandler                       0x0800047f   Thumb Code     0  startup_stm32f40_41xxx.o(.text)
    CRYP_IRQHandler                          0x0800047f   Thumb Code     0  startup_stm32f40_41xxx.o(.text)
    DCMI_IRQHandler                          0x0800047f   Thumb Code     0  startup_stm32f40_41xxx.o(.text)
    DMA1_Stream0_IRQHandler                  0x0800047f   Thumb Code     0  startup_stm32f40_41xxx.o(.text)
    DMA1_Stream1_IRQHandler                  0x0800047f   Thumb Code     0  startup_stm32f40_41xxx.o(.text)
    DMA1_Stream2_IRQHandler                  0x0800047f   Thumb Code     0  startup_stm32f40_41xxx.o(.text)
    DMA1_Stream3_IRQHandler                  0x0800047f   Thumb Code     0  startup_stm32f40_41xxx.o(.text)
    DMA1_Stream4_IRQHandler                  0x0800047f   Thumb Code     0  startup_stm32f40_41xxx.o(.text)
    DMA1_Stream5_IRQHandler                  0x0800047f   Thumb Code     0  startup_stm32f40_41xxx.o(.text)
    DMA1_Stream6_IRQHandler                  0x0800047f   Thumb Code     0  startup_stm32f40_41xxx.o(.text)
    DMA1_Stream7_IRQHandler                  0x0800047f   Thumb Code     0  startup_stm32f40_41xxx.o(.text)
    DMA2_Stream1_IRQHandler                  0x0800047f   Thumb Code     0  startup_stm32f40_41xxx.o(.text)
    DMA2_Stream3_IRQHandler                  0x0800047f   Thumb Code     0  startup_stm32f40_41xxx.o(.text)
    DMA2_Stream4_IRQHandler                  0x0800047f   Thumb Code     0  startup_stm32f40_41xxx.o(.text)
    DMA2_Stream5_IRQHandler                  0x0800047f   Thumb Code     0  startup_stm32f40_41xxx.o(.text)
    DMA2_Stream6_IRQHandler                  0x0800047f   Thumb Code     0  startup_stm32f40_41xxx.o(.text)
    DMA2_Stream7_IRQHandler                  0x0800047f   Thumb Code     0  startup_stm32f40_41xxx.o(.text)
    ETH_IRQHandler                           0x0800047f   Thumb Code     0  startup_stm32f40_41xxx.o(.text)
    ETH_WKUP_IRQHandler                      0x0800047f   Thumb Code     0  startup_stm32f40_41xxx.o(.text)
    EXTI0_IRQHandler                         0x0800047f   Thumb Code     0  startup_stm32f40_41xxx.o(.text)
    EXTI1_IRQHandler                         0x0800047f   Thumb Code     0  startup_stm32f40_41xxx.o(.text)
    EXTI2_IRQHandler                         0x0800047f   Thumb Code     0  startup_stm32f40_41xxx.o(.text)
    EXTI3_IRQHandler                         0x0800047f   Thumb Code     0  startup_stm32f40_41xxx.o(.text)
    EXTI4_IRQHandler                         0x0800047f   Thumb Code     0  startup_stm32f40_41xxx.o(.text)
    EXTI9_5_IRQHandler                       0x0800047f   Thumb Code     0  startup_stm32f40_41xxx.o(.text)
    FLASH_IRQHandler                         0x0800047f   Thumb Code     0  startup_stm32f40_41xxx.o(.text)
    FPU_IRQHandler                           0x0800047f   Thumb Code     0  startup_stm32f40_41xxx.o(.text)
    FSMC_IRQHandler                          0x0800047f   Thumb Code     0  startup_stm32f40_41xxx.o(.text)
    HASH_RNG_IRQHandler                      0x0800047f   Thumb Code     0  startup_stm32f40_41xxx.o(.text)
    I2C1_ER_IRQHandler                       0x0800047f   Thumb Code     0  startup_stm32f40_41xxx.o(.text)
    I2C1_EV_IRQHandler                       0x0800047f   Thumb Code     0  startup_stm32f40_41xxx.o(.text)
    I2C2_ER_IRQHandler                       0x0800047f   Thumb Code     0  startup_stm32f40_41xxx.o(.text)
    I2C2_EV_IRQHandler                       0x0800047f   Thumb Code     0  startup_stm32f40_41xxx.o(.text)
    I2C3_ER_IRQHandler                       0x0800047f   Thumb Code     0  startup_stm32f40_41xxx.o(.text)
    I2C3_EV_IRQHandler                       0x0800047f   Thumb Code     0  startup_stm32f40_41xxx.o(.text)
    OTG_FS_IRQHandler                        0x0800047f   Thumb Code     0  startup_stm32f40_41xxx.o(.text)
    OTG_FS_WKUP_IRQHandler                   0x0800047f   Thumb Code     0  startup_stm32f40_41xxx.o(.text)
    OTG_HS_EP1_IN_IRQHandler                 0x0800047f   Thumb Code     0  startup_stm32f40_41xxx.o(.text)
    OTG_HS_EP1_OUT_IRQHandler                0x0800047f   Thumb Code     0  startup_stm32f40_41xxx.o(.text)
    OTG_HS_IRQHandler                        0x0800047f   Thumb Code     0  startup_stm32f40_41xxx.o(.text)
    OTG_HS_WKUP_IRQHandler                   0x0800047f   Thumb Code     0  startup_stm32f40_41xxx.o(.text)
    PVD_IRQHandler                           0x0800047f   Thumb Code     0  startup_stm32f40_41xxx.o(.text)
    RCC_IRQHandler                           0x0800047f   Thumb Code     0  startup_stm32f40_41xxx.o(.text)
    RTC_Alarm_IRQHandler                     0x0800047f   Thumb Code     0  startup_stm32f40_41xxx.o(.text)
    RTC_WKUP_IRQHandler                      0x0800047f   Thumb Code     0  startup_stm32f40_41xxx.o(.text)
    SDIO_IRQHandler                          0x0800047f   Thumb Code     0  startup_stm32f40_41xxx.o(.text)
    SPI1_IRQHandler                          0x0800047f   Thumb Code     0  startup_stm32f40_41xxx.o(.text)
    SPI2_IRQHandler                          0x0800047f   Thumb Code     0  startup_stm32f40_41xxx.o(.text)
    SPI3_IRQHandler                          0x0800047f   Thumb Code     0  startup_stm32f40_41xxx.o(.text)
    TAMP_STAMP_IRQHandler                    0x0800047f   Thumb Code     0  startup_stm32f40_41xxx.o(.text)
    TIM1_BRK_TIM9_IRQHandler                 0x0800047f   Thumb Code     0  startup_stm32f40_41xxx.o(.text)
    TIM1_CC_IRQHandler                       0x0800047f   Thumb Code     0  startup_stm32f40_41xxx.o(.text)
    TIM1_TRG_COM_TIM11_IRQHandler            0x0800047f   Thumb Code     0  startup_stm32f40_41xxx.o(.text)
    TIM1_UP_TIM10_IRQHandler                 0x0800047f   Thumb Code     0  startup_stm32f40_41xxx.o(.text)
    TIM2_IRQHandler                          0x0800047f   Thumb Code     0  startup_stm32f40_41xxx.o(.text)
    TIM3_IRQHandler                          0x0800047f   Thumb Code     0  startup_stm32f40_41xxx.o(.text)
    TIM4_IRQHandler                          0x0800047f   Thumb Code     0  startup_stm32f40_41xxx.o(.text)
    TIM5_IRQHandler                          0x0800047f   Thumb Code     0  startup_stm32f40_41xxx.o(.text)
    TIM6_DAC_IRQHandler                      0x0800047f   Thumb Code     0  startup_stm32f40_41xxx.o(.text)
    TIM8_BRK_TIM12_IRQHandler                0x0800047f   Thumb Code     0  startup_stm32f40_41xxx.o(.text)
    TIM8_CC_IRQHandler                       0x0800047f   Thumb Code     0  startup_stm32f40_41xxx.o(.text)
    TIM8_TRG_COM_TIM14_IRQHandler            0x0800047f   Thumb Code     0  startup_stm32f40_41xxx.o(.text)
    TIM8_UP_TIM13_IRQHandler                 0x0800047f   Thumb Code     0  startup_stm32f40_41xxx.o(.text)
    UART4_IRQHandler                         0x0800047f   Thumb Code     0  startup_stm32f40_41xxx.o(.text)
    UART5_IRQHandler                         0x0800047f   Thumb Code     0  startup_stm32f40_41xxx.o(.text)
    USART2_IRQHandler                        0x0800047f   Thumb Code     0  startup_stm32f40_41xxx.o(.text)
    USART3_IRQHandler                        0x0800047f   Thumb Code     0  startup_stm32f40_41xxx.o(.text)
    USART6_IRQHandler                        0x0800047f   Thumb Code     0  startup_stm32f40_41xxx.o(.text)
    WWDG_IRQHandler                          0x0800047f   Thumb Code     0  startup_stm32f40_41xxx.o(.text)
    NVIC_PriorityGroupConfig                 0x08000489   Thumb Code    10  misc.o(.text)
    NVIC_Init                                0x08000493   Thumb Code   106  misc.o(.text)
    NVIC_SetVectorTable                      0x080004fd   Thumb Code    14  misc.o(.text)
    NVIC_SystemLPConfig                      0x0800050b   Thumb Code    34  misc.o(.text)
    SysTick_CLKSourceConfig                  0x0800052d   Thumb Code    40  misc.o(.text)
    DMA_DeInit                               0x08000569   Thumb Code   324  stm32f4xx_dma.o(.text)
    DMA_Init                                 0x080006ad   Thumb Code    82  stm32f4xx_dma.o(.text)
    DMA_StructInit                           0x080006ff   Thumb Code    34  stm32f4xx_dma.o(.text)
    DMA_Cmd                                  0x08000721   Thumb Code    22  stm32f4xx_dma.o(.text)
    DMA_PeriphIncOffsetSizeConfig            0x08000737   Thumb Code    22  stm32f4xx_dma.o(.text)
    DMA_FlowControllerConfig                 0x0800074d   Thumb Code    22  stm32f4xx_dma.o(.text)
    DMA_SetCurrDataCounter                   0x08000763   Thumb Code     4  stm32f4xx_dma.o(.text)
    DMA_GetCurrDataCounter                   0x08000767   Thumb Code     8  stm32f4xx_dma.o(.text)
    DMA_DoubleBufferModeConfig               0x0800076f   Thumb Code    24  stm32f4xx_dma.o(.text)
    DMA_DoubleBufferModeCmd                  0x08000787   Thumb Code    22  stm32f4xx_dma.o(.text)
    DMA_MemoryTargetConfig                   0x0800079d   Thumb Code    10  stm32f4xx_dma.o(.text)
    DMA_GetCurrentMemoryTarget               0x080007a7   Thumb Code    20  stm32f4xx_dma.o(.text)
    DMA_GetCmdStatus                         0x080007bb   Thumb Code    20  stm32f4xx_dma.o(.text)
    DMA_GetFIFOStatus                        0x080007cf   Thumb Code    12  stm32f4xx_dma.o(.text)
    DMA_GetFlagStatus                        0x080007db   Thumb Code    56  stm32f4xx_dma.o(.text)
    DMA_ClearFlag                            0x08000813   Thumb Code    40  stm32f4xx_dma.o(.text)
    DMA_ITConfig                             0x0800083b   Thumb Code    58  stm32f4xx_dma.o(.text)
    DMA_GetITStatus                          0x08000875   Thumb Code    84  stm32f4xx_dma.o(.text)
    DMA_ClearITPendingBit                    0x080008c9   Thumb Code    40  stm32f4xx_dma.o(.text)
    EXTI_DeInit                              0x08000911   Thumb Code    28  stm32f4xx_exti.o(.text)
    EXTI_Init                                0x0800092d   Thumb Code   142  stm32f4xx_exti.o(.text)
    EXTI_StructInit                          0x080009bb   Thumb Code    16  stm32f4xx_exti.o(.text)
    EXTI_GenerateSWInterrupt                 0x080009cb   Thumb Code    16  stm32f4xx_exti.o(.text)
    EXTI_GetFlagStatus                       0x080009db   Thumb Code    22  stm32f4xx_exti.o(.text)
    EXTI_ClearFlag                           0x080009f1   Thumb Code     8  stm32f4xx_exti.o(.text)
    EXTI_GetITStatus                         0x080009f9   Thumb Code    22  stm32f4xx_exti.o(.text)
    EXTI_ClearITPendingBit                   0x08000a0f   Thumb Code     8  stm32f4xx_exti.o(.text)
    GPIO_DeInit                              0x08000a21   Thumb Code   268  stm32f4xx_gpio.o(.text)
    GPIO_Init                                0x08000b2d   Thumb Code   144  stm32f4xx_gpio.o(.text)
    GPIO_StructInit                          0x08000bbd   Thumb Code    18  stm32f4xx_gpio.o(.text)
    GPIO_PinLockConfig                       0x08000bcf   Thumb Code    34  stm32f4xx_gpio.o(.text)
    GPIO_ReadInputDataBit                    0x08000bf1   Thumb Code    18  stm32f4xx_gpio.o(.text)
    GPIO_ReadInputData                       0x08000c03   Thumb Code     8  stm32f4xx_gpio.o(.text)
    GPIO_ReadOutputDataBit                   0x08000c0b   Thumb Code    18  stm32f4xx_gpio.o(.text)
    GPIO_ReadOutputData                      0x08000c1d   Thumb Code     8  stm32f4xx_gpio.o(.text)
    GPIO_SetBits                             0x08000c25   Thumb Code     4  stm32f4xx_gpio.o(.text)
    GPIO_ResetBits                           0x08000c29   Thumb Code     4  stm32f4xx_gpio.o(.text)
    GPIO_WriteBit                            0x08000c2d   Thumb Code    10  stm32f4xx_gpio.o(.text)
    GPIO_Write                               0x08000c37   Thumb Code     4  stm32f4xx_gpio.o(.text)
    GPIO_ToggleBits                          0x08000c3b   Thumb Code     8  stm32f4xx_gpio.o(.text)
    GPIO_PinAFConfig                         0x08000c43   Thumb Code    70  stm32f4xx_gpio.o(.text)
    RCC_DeInit                               0x08000cb5   Thumb Code    82  stm32f4xx_rcc.o(.text)
    RCC_HSEConfig                            0x08000d07   Thumb Code    14  stm32f4xx_rcc.o(.text)
    RCC_GetFlagStatus                        0x08000d15   Thumb Code    60  stm32f4xx_rcc.o(.text)
    RCC_WaitForHSEStartUp                    0x08000d51   Thumb Code    56  stm32f4xx_rcc.o(.text)
    RCC_AdjustHSICalibrationValue            0x08000d89   Thumb Code    20  stm32f4xx_rcc.o(.text)
    RCC_HSICmd                               0x08000d9d   Thumb Code     6  stm32f4xx_rcc.o(.text)
    RCC_LSEConfig                            0x08000da3   Thumb Code    46  stm32f4xx_rcc.o(.text)
    RCC_LSICmd                               0x08000dd1   Thumb Code     6  stm32f4xx_rcc.o(.text)
    RCC_PLLConfig                            0x08000dd7   Thumb Code    32  stm32f4xx_rcc.o(.text)
    RCC_PLLCmd                               0x08000df7   Thumb Code     6  stm32f4xx_rcc.o(.text)
    RCC_PLLI2SConfig                         0x08000dfd   Thumb Code    14  stm32f4xx_rcc.o(.text)
    RCC_PLLI2SCmd                            0x08000e0b   Thumb Code     6  stm32f4xx_rcc.o(.text)
    RCC_PLLSAIConfig                         0x08000e11   Thumb Code    20  stm32f4xx_rcc.o(.text)
    RCC_PLLSAICmd                            0x08000e25   Thumb Code     6  stm32f4xx_rcc.o(.text)
    RCC_ClockSecuritySystemCmd               0x08000e2b   Thumb Code     6  stm32f4xx_rcc.o(.text)
    RCC_MCO1Config                           0x08000e31   Thumb Code    28  stm32f4xx_rcc.o(.text)
    RCC_MCO2Config                           0x08000e4d   Thumb Code    28  stm32f4xx_rcc.o(.text)
    RCC_SYSCLKConfig                         0x08000e69   Thumb Code    20  stm32f4xx_rcc.o(.text)
    RCC_GetSYSCLKSource                      0x08000e7d   Thumb Code    12  stm32f4xx_rcc.o(.text)
    RCC_HCLKConfig                           0x08000e89   Thumb Code    20  stm32f4xx_rcc.o(.text)
    RCC_PCLK1Config                          0x08000e9d   Thumb Code    20  stm32f4xx_rcc.o(.text)
    RCC_PCLK2Config                          0x08000eb1   Thumb Code    22  stm32f4xx_rcc.o(.text)
    RCC_GetClocksFreq                        0x08000ec7   Thumb Code   222  stm32f4xx_rcc.o(.text)
    RCC_RTCCLKConfig                         0x08000fa5   Thumb Code    54  stm32f4xx_rcc.o(.text)
    RCC_RTCCLKCmd                            0x08000fdb   Thumb Code     8  stm32f4xx_rcc.o(.text)
    RCC_BackupResetCmd                       0x08000fe3   Thumb Code     8  stm32f4xx_rcc.o(.text)
    RCC_I2SCLKConfig                         0x08000feb   Thumb Code     6  stm32f4xx_rcc.o(.text)
    RCC_SAIPLLI2SClkDivConfig                0x08000ff1   Thumb Code    26  stm32f4xx_rcc.o(.text)
    RCC_SAIPLLSAIClkDivConfig                0x0800100b   Thumb Code    28  stm32f4xx_rcc.o(.text)
    RCC_SAIBlockACLKConfig                   0x08001027   Thumb Code    20  stm32f4xx_rcc.o(.text)
    RCC_SAIBlockBCLKConfig                   0x0800103b   Thumb Code    20  stm32f4xx_rcc.o(.text)
    RCC_LTDCCLKDivConfig                     0x0800104f   Thumb Code    20  stm32f4xx_rcc.o(.text)
    RCC_TIMCLKPresConfig                     0x08001063   Thumb Code     6  stm32f4xx_rcc.o(.text)
    RCC_AHB1PeriphClockCmd                   0x08001069   Thumb Code    34  stm32f4xx_rcc.o(.text)
    RCC_AHB2PeriphClockCmd                   0x0800108b   Thumb Code    78  stm32f4xx_rcc.o(.text)
    RCC_AHB3PeriphClockCmd                   0x080010d9   Thumb Code    34  stm32f4xx_rcc.o(.text)
    RCC_APB1PeriphClockCmd                   0x080010fb   Thumb Code    34  stm32f4xx_rcc.o(.text)
    RCC_APB2PeriphClockCmd                   0x0800111d   Thumb Code    34  stm32f4xx_rcc.o(.text)
    RCC_AHB1PeriphResetCmd                   0x0800113f   Thumb Code    34  stm32f4xx_rcc.o(.text)
    RCC_AHB2PeriphResetCmd                   0x08001161   Thumb Code    34  stm32f4xx_rcc.o(.text)
    RCC_AHB3PeriphResetCmd                   0x08001183   Thumb Code    34  stm32f4xx_rcc.o(.text)
    RCC_APB1PeriphResetCmd                   0x080011a5   Thumb Code    34  stm32f4xx_rcc.o(.text)
    RCC_APB2PeriphResetCmd                   0x080011c7   Thumb Code    34  stm32f4xx_rcc.o(.text)
    RCC_AHB1PeriphClockLPModeCmd             0x080011e9   Thumb Code    34  stm32f4xx_rcc.o(.text)
    RCC_AHB2PeriphClockLPModeCmd             0x0800120b   Thumb Code    34  stm32f4xx_rcc.o(.text)
    RCC_AHB3PeriphClockLPModeCmd             0x0800122d   Thumb Code    34  stm32f4xx_rcc.o(.text)
    RCC_APB1PeriphClockLPModeCmd             0x0800124f   Thumb Code    34  stm32f4xx_rcc.o(.text)
    RCC_APB2PeriphClockLPModeCmd             0x08001271   Thumb Code    34  stm32f4xx_rcc.o(.text)
    RCC_LSEModeConfig                        0x08001293   Thumb Code    40  stm32f4xx_rcc.o(.text)
    RCC_ITConfig                             0x080012bb   Thumb Code    34  stm32f4xx_rcc.o(.text)
    RCC_ClearFlag                            0x080012dd   Thumb Code    18  stm32f4xx_rcc.o(.text)
    RCC_GetITStatus                          0x080012ef   Thumb Code    22  stm32f4xx_rcc.o(.text)
    RCC_ClearITPendingBit                    0x08001305   Thumb Code     8  stm32f4xx_rcc.o(.text)
    SYSCFG_DeInit                            0x08001311   Thumb Code    22  stm32f4xx_syscfg.o(.text)
    SYSCFG_MemoryRemapConfig                 0x08001327   Thumb Code     6  stm32f4xx_syscfg.o(.text)
    SYSCFG_MemorySwappingBank                0x0800132d   Thumb Code     6  stm32f4xx_syscfg.o(.text)
    SYSCFG_EXTILineConfig                    0x08001333   Thumb Code    66  stm32f4xx_syscfg.o(.text)
    SYSCFG_ETH_MediaInterfaceConfig          0x08001375   Thumb Code     8  stm32f4xx_syscfg.o(.text)
    SYSCFG_CompensationCellCmd               0x0800137d   Thumb Code     6  stm32f4xx_syscfg.o(.text)
    SYSCFG_GetCompensationCellStatus         0x08001383   Thumb Code    22  stm32f4xx_syscfg.o(.text)
    TIM_DeInit                               0x080013a5   Thumb Code   346  stm32f4xx_tim.o(.text)
    TIM_TimeBaseInit                         0x080014ff   Thumb Code   104  stm32f4xx_tim.o(.text)
    TIM_TimeBaseStructInit                   0x08001567   Thumb Code    18  stm32f4xx_tim.o(.text)
    TIM_PrescalerConfig                      0x08001579   Thumb Code     6  stm32f4xx_tim.o(.text)
    TIM_CounterModeConfig                    0x0800157f   Thumb Code    18  stm32f4xx_tim.o(.text)
    TIM_SetCounter                           0x08001591   Thumb Code     4  stm32f4xx_tim.o(.text)
    TIM_SetAutoreload                        0x08001595   Thumb Code     4  stm32f4xx_tim.o(.text)
    TIM_GetCounter                           0x08001599   Thumb Code     6  stm32f4xx_tim.o(.text)
    TIM_GetPrescaler                         0x0800159f   Thumb Code     6  stm32f4xx_tim.o(.text)
    TIM_UpdateDisableConfig                  0x080015a5   Thumb Code    24  stm32f4xx_tim.o(.text)
    TIM_UpdateRequestConfig                  0x080015bd   Thumb Code    24  stm32f4xx_tim.o(.text)
    TIM_ARRPreloadConfig                     0x080015d5   Thumb Code    24  stm32f4xx_tim.o(.text)
    TIM_SelectOnePulseMode                   0x080015ed   Thumb Code    18  stm32f4xx_tim.o(.text)
    TIM_SetClockDivision                     0x080015ff   Thumb Code    18  stm32f4xx_tim.o(.text)
    TIM_Cmd                                  0x08001611   Thumb Code    24  stm32f4xx_tim.o(.text)
    TIM_OC1Init                              0x08001629   Thumb Code   114  stm32f4xx_tim.o(.text)
    TIM_OC2Init                              0x0800169b   Thumb Code   154  stm32f4xx_tim.o(.text)
    TIM_OC3Init                              0x08001735   Thumb Code   204  stm32f4xx_tim.o(.text)
    TIM_OC4Init                              0x08001801   Thumb Code   112  stm32f4xx_tim.o(.text)
    TIM_OCStructInit                         0x08001871   Thumb Code    20  stm32f4xx_tim.o(.text)
    TIM_SelectOCxM                           0x08001885   Thumb Code    86  stm32f4xx_tim.o(.text)
    TIM_SetCompare1                          0x080018db   Thumb Code     4  stm32f4xx_tim.o(.text)
    TIM_SetCompare2                          0x080018df   Thumb Code     4  stm32f4xx_tim.o(.text)
    TIM_SetCompare3                          0x080018e3   Thumb Code     4  stm32f4xx_tim.o(.text)
    TIM_SetCompare4                          0x080018e7   Thumb Code     4  stm32f4xx_tim.o(.text)
    TIM_ForcedOC1Config                      0x080018eb   Thumb Code    18  stm32f4xx_tim.o(.text)
    TIM_ForcedOC2Config                      0x080018fd   Thumb Code    26  stm32f4xx_tim.o(.text)
    TIM_ForcedOC3Config                      0x08001917   Thumb Code    18  stm32f4xx_tim.o(.text)
    TIM_ForcedOC4Config                      0x08001929   Thumb Code    26  stm32f4xx_tim.o(.text)
    TIM_OC1PreloadConfig                     0x08001943   Thumb Code    18  stm32f4xx_tim.o(.text)
    TIM_OC2PreloadConfig                     0x08001955   Thumb Code    26  stm32f4xx_tim.o(.text)
    TIM_OC3PreloadConfig                     0x0800196f   Thumb Code    18  stm32f4xx_tim.o(.text)
    TIM_OC4PreloadConfig                     0x08001981   Thumb Code    26  stm32f4xx_tim.o(.text)
    TIM_OC1FastConfig                        0x0800199b   Thumb Code    18  stm32f4xx_tim.o(.text)
    TIM_OC2FastConfig                        0x080019ad   Thumb Code    26  stm32f4xx_tim.o(.text)
    TIM_OC3FastConfig                        0x080019c7   Thumb Code    18  stm32f4xx_tim.o(.text)
    TIM_OC4FastConfig                        0x080019d9   Thumb Code    26  stm32f4xx_tim.o(.text)
    TIM_ClearOC1Ref                          0x080019f3   Thumb Code    18  stm32f4xx_tim.o(.text)
    TIM_ClearOC2Ref                          0x08001a05   Thumb Code    24  stm32f4xx_tim.o(.text)
    TIM_ClearOC3Ref                          0x08001a1d   Thumb Code    18  stm32f4xx_tim.o(.text)
    TIM_ClearOC4Ref                          0x08001a2f   Thumb Code    24  stm32f4xx_tim.o(.text)
    TIM_OC1PolarityConfig                    0x08001a47   Thumb Code    18  stm32f4xx_tim.o(.text)
    TIM_OC1NPolarityConfig                   0x08001a59   Thumb Code    18  stm32f4xx_tim.o(.text)
    TIM_OC2PolarityConfig                    0x08001a6b   Thumb Code    26  stm32f4xx_tim.o(.text)
    TIM_OC2NPolarityConfig                   0x08001a85   Thumb Code    26  stm32f4xx_tim.o(.text)
    TIM_OC3PolarityConfig                    0x08001a9f   Thumb Code    26  stm32f4xx_tim.o(.text)
    TIM_OC3NPolarityConfig                   0x08001ab9   Thumb Code    26  stm32f4xx_tim.o(.text)
    TIM_OC4PolarityConfig                    0x08001ad3   Thumb Code    26  stm32f4xx_tim.o(.text)
    TIM_CCxCmd                               0x08001aed   Thumb Code    30  stm32f4xx_tim.o(.text)
    TIM_CCxNCmd                              0x08001b0b   Thumb Code    30  stm32f4xx_tim.o(.text)
    TIM_SetIC4Prescaler                      0x08001b29   Thumb Code    26  stm32f4xx_tim.o(.text)
    TIM_SetIC3Prescaler                      0x08001b93   Thumb Code    18  stm32f4xx_tim.o(.text)
    TIM_SetIC2Prescaler                      0x08001bed   Thumb Code    26  stm32f4xx_tim.o(.text)
    TIM_SetIC1Prescaler                      0x08001c61   Thumb Code    18  stm32f4xx_tim.o(.text)
    TIM_ICInit                               0x08001cad   Thumb Code   110  stm32f4xx_tim.o(.text)
    TIM_ICStructInit                         0x08001d1b   Thumb Code    18  stm32f4xx_tim.o(.text)
    TIM_PWMIConfig                           0x08001d2d   Thumb Code   124  stm32f4xx_tim.o(.text)
    TIM_GetCapture1                          0x08001da9   Thumb Code     6  stm32f4xx_tim.o(.text)
    TIM_GetCapture2                          0x08001daf   Thumb Code     6  stm32f4xx_tim.o(.text)
    TIM_GetCapture3                          0x08001db5   Thumb Code     6  stm32f4xx_tim.o(.text)
    TIM_GetCapture4                          0x08001dbb   Thumb Code     6  stm32f4xx_tim.o(.text)
    TIM_BDTRConfig                           0x08001dc1   Thumb Code    32  stm32f4xx_tim.o(.text)
    TIM_BDTRStructInit                       0x08001de1   Thumb Code    18  stm32f4xx_tim.o(.text)
    TIM_CtrlPWMOutputs                       0x08001df3   Thumb Code    30  stm32f4xx_tim.o(.text)
    TIM_SelectCOM                            0x08001e11   Thumb Code    24  stm32f4xx_tim.o(.text)
    TIM_CCPreloadControl                     0x08001e29   Thumb Code    24  stm32f4xx_tim.o(.text)
    TIM_ITConfig                             0x08001e41   Thumb Code    18  stm32f4xx_tim.o(.text)
    TIM_GenerateEvent                        0x08001e53   Thumb Code     4  stm32f4xx_tim.o(.text)
    TIM_GetFlagStatus                        0x08001e57   Thumb Code    18  stm32f4xx_tim.o(.text)
    TIM_ClearFlag                            0x08001e69   Thumb Code     6  stm32f4xx_tim.o(.text)
    TIM_GetITStatus                          0x08001e6f   Thumb Code    34  stm32f4xx_tim.o(.text)
    TIM_ClearITPendingBit                    0x08001e91   Thumb Code     6  stm32f4xx_tim.o(.text)
    TIM_DMAConfig                            0x08001e97   Thumb Code    10  stm32f4xx_tim.o(.text)
    TIM_DMACmd                               0x08001ea1   Thumb Code    18  stm32f4xx_tim.o(.text)
    TIM_SelectCCDMA                          0x08001eb3   Thumb Code    24  stm32f4xx_tim.o(.text)
    TIM_InternalClockConfig                  0x08001ecb   Thumb Code    12  stm32f4xx_tim.o(.text)
    TIM_SelectInputTrigger                   0x08001ed7   Thumb Code    18  stm32f4xx_tim.o(.text)
    TIM_ITRxExternalClockConfig              0x08001ee9   Thumb Code    24  stm32f4xx_tim.o(.text)
    TIM_TIxExternalClockConfig               0x08001f01   Thumb Code    62  stm32f4xx_tim.o(.text)
    TIM_ETRConfig                            0x08001f3f   Thumb Code    28  stm32f4xx_tim.o(.text)
    TIM_ETRClockMode1Config                  0x08001f5b   Thumb Code    54  stm32f4xx_tim.o(.text)
    TIM_ETRClockMode2Config                  0x08001f91   Thumb Code    32  stm32f4xx_tim.o(.text)
    TIM_SelectOutputTrigger                  0x08001fb1   Thumb Code    18  stm32f4xx_tim.o(.text)
    TIM_SelectSlaveMode                      0x08001fc3   Thumb Code    18  stm32f4xx_tim.o(.text)
    TIM_SelectMasterSlaveMode                0x08001fd5   Thumb Code    18  stm32f4xx_tim.o(.text)
    TIM_EncoderInterfaceConfig               0x08001fe7   Thumb Code    66  stm32f4xx_tim.o(.text)
    TIM_SelectHallSensor                     0x08002029   Thumb Code    24  stm32f4xx_tim.o(.text)
    TIM_RemapConfig                          0x08002041   Thumb Code     6  stm32f4xx_tim.o(.text)
    USART_DeInit                             0x08002049   Thumb Code   206  stm32f4xx_usart.o(.text)
    USART_Init                               0x08002117   Thumb Code   204  stm32f4xx_usart.o(.text)
    USART_StructInit                         0x080021e3   Thumb Code    24  stm32f4xx_usart.o(.text)
    USART_ClockInit                          0x080021fb   Thumb Code    32  stm32f4xx_usart.o(.text)
    USART_ClockStructInit                    0x0800221b   Thumb Code    12  stm32f4xx_usart.o(.text)
    USART_Cmd                                0x08002227   Thumb Code    24  stm32f4xx_usart.o(.text)
    USART_SetPrescaler                       0x0800223f   Thumb Code    16  stm32f4xx_usart.o(.text)
    USART_OverSampling8Cmd                   0x0800224f   Thumb Code    22  stm32f4xx_usart.o(.text)
    USART_OneBitMethodCmd                    0x08002265   Thumb Code    24  stm32f4xx_usart.o(.text)
    USART_SendData                           0x0800227d   Thumb Code     8  stm32f4xx_usart.o(.text)
    USART_ReceiveData                        0x08002285   Thumb Code    10  stm32f4xx_usart.o(.text)
    USART_SetAddress                         0x0800228f   Thumb Code    18  stm32f4xx_usart.o(.text)
    USART_ReceiverWakeUpCmd                  0x080022a1   Thumb Code    24  stm32f4xx_usart.o(.text)
    USART_WakeUpConfig                       0x080022b9   Thumb Code    18  stm32f4xx_usart.o(.text)
    USART_LINBreakDetectLengthConfig         0x080022cb   Thumb Code    18  stm32f4xx_usart.o(.text)
    USART_LINCmd                             0x080022dd   Thumb Code    24  stm32f4xx_usart.o(.text)
    USART_SendBreak                          0x080022f5   Thumb Code    10  stm32f4xx_usart.o(.text)
    USART_HalfDuplexCmd                      0x080022ff   Thumb Code    24  stm32f4xx_usart.o(.text)
    USART_SetGuardTime                       0x08002317   Thumb Code    16  stm32f4xx_usart.o(.text)
    USART_SmartCardCmd                       0x08002327   Thumb Code    24  stm32f4xx_usart.o(.text)
    USART_SmartCardNACKCmd                   0x0800233f   Thumb Code    24  stm32f4xx_usart.o(.text)
    USART_IrDAConfig                         0x08002357   Thumb Code    18  stm32f4xx_usart.o(.text)
    USART_IrDACmd                            0x08002369   Thumb Code    24  stm32f4xx_usart.o(.text)
    USART_DMACmd                             0x08002381   Thumb Code    18  stm32f4xx_usart.o(.text)
    USART_ITConfig                           0x08002393   Thumb Code    74  stm32f4xx_usart.o(.text)
    USART_GetFlagStatus                      0x080023dd   Thumb Code    26  stm32f4xx_usart.o(.text)
    USART_ClearFlag                          0x080023f7   Thumb Code    18  stm32f4xx_usart.o(.text)
    USART_GetITStatus                        0x08002409   Thumb Code   118  stm32f4xx_usart.o(.text)
    USART_ClearITPendingBit                  0x0800247f   Thumb Code    30  stm32f4xx_usart.o(.text)
    Pen_Int_Set                              0x0800249d   Thumb Code    30  touch.o(.text)
    Read_ADS                                 0x080026ab   Thumb Code    46  touch.o(.text)
    Touch_Init                               0x08002773   Thumb Code    66  touch.o(.text)
    Convert_Pos                              0x080027b5   Thumb Code   160  touch.o(.text)
    EXTI15_10_IRQHandler                     0x08002855   Thumb Code    30  touch.o(.text)
    delayInit                                0x080028bf   Thumb Code    74  delay.o(.text)
    systickISR                               0x08002909   Thumb Code    36  delay.o(.text)
    getRunTime                               0x0800292d   Thumb Code    22  delay.o(.text)
    createSoftTimer                          0x08002943   Thumb Code    82  delay.o(.text)
    removeSoftTimer                          0x08002995   Thumb Code    66  delay.o(.text)
    checkSoftTimerFlag                       0x080029d7   Thumb Code    62  delay.o(.text)
    delay_us                                 0x08002a15   Thumb Code    76  delay.o(.text)
    delay_ms                                 0x08002a61   Thumb Code    26  delay.o(.text)
    ledInit                                  0x08002b29   Thumb Code    86  bsp_led.o(.text)
    ledControl                               0x08002b7f   Thumb Code    36  bsp_led.o(.text)
    keyInit                                  0x08002d27   Thumb Code   102  bsp_key.o(.text)
    addKeyEvent                              0x08002d8d   Thumb Code    74  bsp_key.o(.text)
    removeKeyEvent                           0x08002dd7   Thumb Code    54  bsp_key.o(.text)
    runKeyEvent                              0x08002e0d   Thumb Code    40  bsp_key.o(.text)
    TIM7_IRQHandler                          0x08002e55   Thumb Code    22  bsp_interrupt.o(.text)
    DMA2_Stream0_IRQHandler                  0x08002e6b   Thumb Code    12  bsp_interrupt.o(.text)
    DMA2_Stream2_IRQHandler                  0x08002e77   Thumb Code    16  bsp_interrupt.o(.text)
    USART1_IRQHandler                        0x08002e87   Thumb Code    20  bsp_interrupt.o(.text)
    SysTick_Handler                          0x08002e9b   Thumb Code     2  bsp_interrupt.o(.text)
    uartInit                                 0x08002f15   Thumb Code   192  bspuart.o(.text)
    fputc                                    0x08002fd5   Thumb Code    26  bspuart.o(.text)
    startSendData                            0x08002fef   Thumb Code    64  bspuart.o(.text)
    dmaTest                                  0x0800302f   Thumb Code    38  bspuart.o(.text)
    heapInit                                 0x080030d1   Thumb Code    88  bspmalloc.o(.text)
    myMalloc                                 0x08003129   Thumb Code   170  bspmalloc.o(.text)
    myFree                                   0x080031d3   Thumb Code    52  bspmalloc.o(.text)
    getFreeByteRemaining                     0x08003207   Thumb Code     6  bspmalloc.o(.text)
    tTaskRun                                 0x08003221   Thumb Code    24  port.o(.text)
    tTaskDispatch                            0x08003239   Thumb Code    12  port.o(.text)
    tTaskEnterCritical                       0x080032c9   Thumb Code    12  port.o(.text)
    tTaskExitCritical                        0x080032d5   Thumb Code    10  port.o(.text)
    createTask                               0x080032df   Thumb Code    88  port.o(.text)
    tTaskDelay                               0x08003337   Thumb Code    24  port.o(.text)
    nodeInit                                 0x08003359   Thumb Code    10  list.o(.text)
    listInit                                 0x08003363   Thumb Code    12  list.o(.text)
    getListCount                             0x0800336f   Thumb Code     6  list.o(.text)
    listAddFirst                             0x08003375   Thumb Code    24  list.o(.text)
    listAddLast                              0x0800338d   Thumb Code    20  list.o(.text)
    listRemove                               0x080033a1   Thumb Code    20  list.o(.text)
    listRemoveAll                            0x080033b5   Thumb Code    32  list.o(.text)
    addTaskToReadyList                       0x080033d5   Thumb Code    80  list.o(.text)
    removeTaskToReadyList                    0x08003425   Thumb Code   104  list.o(.text)
    getHighReadyTask                         0x0800348d   Thumb Code   218  list.o(.text)
    strcmp                                   0x0800356d   Thumb Code    28  strcmp.o(.text)
    strcpy                                   0x08003589   Thumb Code    18  strcpy.o(.text)
    __aeabi_uidiv                            0x0800359b   Thumb Code     0  uidiv.o(.text)
    __aeabi_uidivmod                         0x0800359b   Thumb Code    44  uidiv.o(.text)
    __scatterload                            0x080035c9   Thumb Code    28  init.o(.text)
    __scatterload_rt2                        0x080035c9   Thumb Code     0  init.o(.text)
    __0printf$3                              0x080035ed   Thumb Code    22  printf3.o(i.__0printf$3)
    __1printf$3                              0x080035ed   Thumb Code     0  printf3.o(i.__0printf$3)
    __2printf                                0x080035ed   Thumb Code     0  printf3.o(i.__0printf$3)
    __scatterload_copy                       0x0800360d   Thumb Code    14  handlers.o(i.__scatterload_copy)
    __scatterload_null                       0x0800361b   Thumb Code     2  handlers.o(i.__scatterload_null)
    __scatterload_zeroinit                   0x0800361d   Thumb Code    14  handlers.o(i.__scatterload_zeroinit)
    Region$$Table$$Base                      0x080037e4   Number         0  anon$$obj.o(Region$$Table)
    Region$$Table$$Limit                     0x08003804   Number         0  anon$$obj.o(Region$$Table)
    taskTable                                0x20000000   Data           8  main.o(.data)
    idleTask                                 0x20000008   Data           4  main.o(.data)
    SystemCoreClock                          0x2000000c   Data           4  system_stm32f4xx.o(.data)
    AHBPrescTable                            0x20000010   Data          16  system_stm32f4xx.o(.data)
    K                                        0x20000030   Data           3  touch.o(.data)
    softTimerPoint                           0x20000034   Data           4  delay.o(.data)
    gRunTime                                 0x20000038   Data           4  delay.o(.data)
    fac_us                                   0x2000003c   Data           1  delay.o(.data)
    fac_ms                                   0x2000003e   Data           2  delay.o(.data)
    currentKeyEvent                          0x20000044   Data           4  bsp_key.o(.data)
    KEY_State                                0x20000048   Data           1  bsp_key.o(.data)
    currentTask                              0x20000060   Data           4  port.o(.data)
    nextTask                                 0x20000064   Data           4  port.o(.data)
    __stdout                                 0x20000068   Data           4  stdout.o(.data)
    tTask1                                   0x2000006c   Data          16  main.o(.bss)
    tTask2                                   0x2000007c   Data          16  main.o(.bss)
    tTaskIdle                                0x2000008c   Data          16  main.o(.bss)
    task1Stack                               0x2000009c   Data        4096  main.o(.bss)
    task2Stack                               0x2000109c   Data        4096  main.o(.bss)
    idleStack                                0x2000209c   Data        4096  main.o(.bss)
    Pen_Point                                0x2000309c   Data          28  touch.o(.bss)
    sendDataBuff                             0x200030c2   Data        1024  bspuart.o(.bss)
    taskReadyLists                           0x2000acc4   Data         200  list.o(.bss)
    __initial_sp                             0x2000b190   Data           0  startup_stm32f40_41xxx.o(STACK)



==============================================================================

Memory Map of the image

  Image Entry point : 0x08000189

  Load Region LR_IROM1 (Base: 0x08000000, Size: 0x00003870, Max: 0x00100000, ABSOLUTE)

    Execution Region ER_IROM1 (Base: 0x08000000, Size: 0x00003804, Max: 0x00100000, ABSOLUTE)

    Base Addr    Size         Type   Attr      Idx    E Section Name        Object

    0x08000000   0x00000188   Data   RO          217    RESET               startup_stm32f40_41xxx.o
    0x08000188   0x00000000   Code   RO         1276  * .ARM.Collect$$$$00000000  mc_w.l(entry.o)
    0x08000188   0x00000004   Code   RO         1558    .ARM.Collect$$$$00000001  mc_w.l(entry2.o)
    0x0800018c   0x00000004   Code   RO         1561    .ARM.Collect$$$$00000004  mc_w.l(entry5.o)
    0x08000190   0x00000000   Code   RO         1563    .ARM.Collect$$$$00000008  mc_w.l(entry7b.o)
    0x08000190   0x00000000   Code   RO         1565    .ARM.Collect$$$$0000000A  mc_w.l(entry8b.o)
    0x08000190   0x00000008   Code   RO         1566    .ARM.Collect$$$$0000000B  mc_w.l(entry9a.o)
    0x08000198   0x00000000   Code   RO         1568    .ARM.Collect$$$$0000000D  mc_w.l(entry10a.o)
    0x08000198   0x00000000   Code   RO         1570    .ARM.Collect$$$$0000000F  mc_w.l(entry11a.o)
    0x08000198   0x00000004   Code   RO         1559    .ARM.Collect$$$$00002712  mc_w.l(entry2.o)
    0x0800019c   0x00000030   Code   RO         1224    .emb_text           port.o
    0x080001cc   0x00000070   Code   RO            3    .text               main.o
    0x0800023c   0x00000016   Code   RO          168    .text               stm32f4xx_it.o
    0x08000252   0x00000002   PAD
    0x08000254   0x00000210   Code   RO          191    .text               system_stm32f4xx.o
    0x08000464   0x00000024   Code   RO          218    .text               startup_stm32f40_41xxx.o
    0x08000488   0x000000e0   Code   RO          224    .text               misc.o
    0x08000568   0x000003a8   Code   RO          393    .text               stm32f4xx_dma.o
    0x08000910   0x00000110   Code   RO          413    .text               stm32f4xx_exti.o
    0x08000a20   0x00000294   Code   RO          499    .text               stm32f4xx_gpio.o
    0x08000cb4   0x0000065c   Code   RO          602    .text               stm32f4xx_rcc.o
    0x08001310   0x00000094   Code   RO          707    .text               stm32f4xx_syscfg.o
    0x080013a4   0x00000ca2   Code   RO          727    .text               stm32f4xx_tim.o
    0x08002046   0x00000002   PAD
    0x08002048   0x00000454   Code   RO          747    .text               stm32f4xx_usart.o
    0x0800249c   0x000003f8   Code   RO          889    .text               touch.o
    0x08002894   0x000001fc   Code   RO          916    .text               delay.o
    0x08002a90   0x00000130   Code   RO          954    .text               bsp_led.o
    0x08002bc0   0x00000294   Code   RO          975    .text               bsp_key.o
    0x08002e54   0x00000058   Code   RO         1011    .text               bsp_interrupt.o
    0x08002eac   0x000001c4   Code   RO         1186    .text               bspuart.o
    0x08003070   0x000001b0   Code   RO         1207    .text               bspmalloc.o
    0x08003220   0x00000138   Code   RO         1225    .text               port.o
    0x08003358   0x00000214   Code   RO         1261    .text               list.o
    0x0800356c   0x0000001c   Code   RO         1281    .text               mc_w.l(strcmp.o)
    0x08003588   0x00000012   Code   RO         1283    .text               mc_w.l(strcpy.o)
    0x0800359a   0x0000002c   Code   RO         1573    .text               mc_w.l(uidiv.o)
    0x080035c6   0x00000002   PAD
    0x080035c8   0x00000024   Code   RO         1596    .text               mc_w.l(init.o)
    0x080035ec   0x00000020   Code   RO         1374    i.__0printf$3       mc_w.l(printf3.o)
    0x0800360c   0x0000000e   Code   RO         1600    i.__scatterload_copy  mc_w.l(handlers.o)
    0x0800361a   0x00000002   Code   RO         1601    i.__scatterload_null  mc_w.l(handlers.o)
    0x0800361c   0x0000000e   Code   RO         1602    i.__scatterload_zeroinit  mc_w.l(handlers.o)
    0x0800362a   0x00000002   PAD
    0x0800362c   0x000001b8   Code   RO         1381    i._printf_core      mc_w.l(printf3.o)
    0x080037e4   0x00000020   Data   RO         1598    Region$$Table       anon$$obj.o


    Execution Region RW_IRAM1 (Base: 0x20000000, Size: 0x0000b190, Max: 0x00020000, ABSOLUTE)

    Base Addr    Size         Type   Attr      Idx    E Section Name        Object

    0x20000000   0x0000000c   Data   RW            5    .data               main.o
    0x2000000c   0x00000014   Data   RW          192    .data               system_stm32f4xx.o
    0x20000020   0x00000010   Data   RW          603    .data               stm32f4xx_rcc.o
    0x20000030   0x00000003   Data   RW          891    .data               touch.o
    0x20000033   0x00000001   PAD
    0x20000034   0x0000000c   Data   RW          917    .data               delay.o
    0x20000040   0x00000001   Data   RW          955    .data               bsp_led.o
    0x20000041   0x00000003   PAD
    0x20000044   0x00000006   Data   RW          977    .data               bsp_key.o
    0x2000004a   0x00000002   PAD
    0x2000004c   0x00000014   Data   RW         1209    .data               bspmalloc.o
    0x20000060   0x00000008   Data   RW         1226    .data               port.o
    0x20000068   0x00000004   Data   RW         1572    .data               mc_w.l(stdout.o)
    0x2000006c   0x00003030   Zero   RW            4    .bss                main.o
    0x2000309c   0x0000001c   Zero   RW          890    .bss                touch.o
    0x200030b8   0x0000000a   Zero   RW          976    .bss                bsp_key.o
    0x200030c2   0x00000400   Zero   RW         1187    .bss                bspuart.o
    0x200034c2   0x00007800   Zero   RW         1208    .bss                bspmalloc.o
    0x2000acc2   0x00000002   PAD
    0x2000acc4   0x000000c8   Zero   RW         1262    .bss                list.o
    0x2000ad8c   0x00000004   PAD
    0x2000ad90   0x00000400   Zero   RW          215    STACK               startup_stm32f40_41xxx.o


==============================================================================

Image component sizes


      Code (inc. data)   RO Data    RW Data    ZI Data      Debug   Object Name

        88         16          0          0          0       1100   bsp_interrupt.o
       660         42          0          6         10       4397   bsp_key.o
       304         30          0          1          0        917   bsp_led.o
       432         20          0         20      30720       2588   bspmalloc.o
       452         28          0          0       1024       2070   bspuart.o
       508         16          0         12          0       6179   delay.o
       532          6          0          0        200       3378   list.o
       112         24          0         12      12336      68630   main.o
       224         20          0          0          0     233137   misc.o
       360         18          0          8          0       5855   port.o
        36          8        392          0       1024        820   startup_stm32f40_41xxx.o
       936         32          0          0          0       6373   stm32f4xx_dma.o
       272         10          0          0          0       2271   stm32f4xx_exti.o
       660         44          0          0          0       4141   stm32f4xx_gpio.o
        22          0          0          0          0       1027   stm32f4xx_it.o
      1628         52          0         16          0      13008   stm32f4xx_rcc.o
       148         12          0          0          0       1837   stm32f4xx_syscfg.o
      3234         60          0          0          0      22996   stm32f4xx_tim.o
      1108         34          0          0          0       7864   stm32f4xx_usart.o
       528         46          0         20          0       1751   system_stm32f4xx.o
      1016         34          0          3         28       4485   touch.o

    ----------------------------------------------------------------------
     13264        552        424        104      45348     394824   Object Totals
         0          0         32          0          0          0   (incl. Generated)
         4          0          0          6          6          0   (incl. Padding)

    ----------------------------------------------------------------------

      Code (inc. data)   RO Data    RW Data    ZI Data      Debug   Library Member Name

         0          0          0          0          0          0   entry.o
         0          0          0          0          0          0   entry10a.o
         0          0          0          0          0          0   entry11a.o
         8          4          0          0          0          0   entry2.o
         4          0          0          0          0          0   entry5.o
         0          0          0          0          0          0   entry7b.o
         0          0          0          0          0          0   entry8b.o
         8          4          0          0          0          0   entry9a.o
        30          0          0          0          0          0   handlers.o
        36          8          0          0          0         68   init.o
       472         14          0          0          0        184   printf3.o
         0          0          0          4          0          0   stdout.o
        28          0          0          0          0         76   strcmp.o
        18          0          0          0          0         68   strcpy.o
        44          0          0          0          0         80   uidiv.o

    ----------------------------------------------------------------------
       652         30          0          4          0        476   Library Totals
         4          0          0          0          0          0   (incl. Padding)

    ----------------------------------------------------------------------

      Code (inc. data)   RO Data    RW Data    ZI Data      Debug   Library Name

       648         30          0          4          0        476   mc_w.l

    ----------------------------------------------------------------------
       652         30          0          4          0        476   Library Totals

    ----------------------------------------------------------------------

==============================================================================


      Code (inc. data)   RO Data    RW Data    ZI Data      Debug   

     13916        582        424        108      45348     390448   Grand Totals
     13916        582        424        108      45348     390448   ELF Image Totals
     13916        582        424        108          0          0   ROM Totals

==============================================================================

    Total RO  Size (Code + RO Data)                14340 (  14.00kB)
    Total RW  Size (RW Data + ZI Data)             45456 (  44.39kB)
    Total ROM Size (Code + RO Data + RW Data)      14448 (  14.11kB)

==============================================================================

